main.c:77:6:Toogle_Led	8	static
main.c:81:6:Turn_On	8	static
main.c:86:6:Turn_Off	8	static
main.c:90:6:Print_HELLO	40	static
main.c:95:6:Print_Send	40	static
main.c:100:6:Print_Ack	40	static
main.c:117:6:read_data	4	static
main.c:131:6:send_data	64	static
main.c:140:6:remove_data	16	static
main.c:175:6:HAL_UART_RxCpltCallback	16	static
main.c:193:5:main	80	static
main.c:276:6:SystemClock_Config	88	static
main.c:319:13:MX_ADC1_Init	24	static
main.c:364:13:MX_TIM2_Init	32	static
main.c:409:13:MX_TIM3_Init	32	static
main.c:454:13:MX_USART2_UART_Init	8	static
main.c:487:13:MX_GPIO_Init	32	static
main.c:507:6:HAL_TIM_PeriodElapsedCallback	16	static
main.c:518:6:Error_Handler	4	static,ignoring_inline_asm
