main.c:75:6:Print_Time2	56	static
main.c:81:6:Toogle_Led	8	static
main.c:86:6:Turn_On	8	static
main.c:91:6:Turn_Off	8	static
main.c:96:6:Print_HELLO	40	static
main.c:102:6:Print_Send	40	static
main.c:108:6:Print_Ack	40	static
main.c:116:6:send_data	48	static
main.c:151:6:HAL_UART_RxCpltCallback	16	static
main.c:169:5:main	8	static
main.c:250:6:SystemClock_Config	72	static
main.c:286:13:MX_TIM2_Init	32	static
main.c:331:13:MX_TIM3_Init	64	static
main.c:390:13:MX_USART2_UART_Init	8	static
main.c:423:13:MX_GPIO_Init	32	static
main.c:486:6:HAL_TIM_PeriodElapsedCallback	16	static
main.c:497:6:Error_Handler	4	static,ignoring_inline_asm
