Archive member included to satisfy reference by file (symbol)

e:/stm32/stm32cubeide_1.7.0/stm32cubeide/plugins/com.st.stm32cube.ide.mcu.externaltools.gnu-tools-for-stm32.9-2020-q2-update.win32_2.0.0.202105311346/tools/bin/../lib/gcc/arm-none-eabi/9.3.1/../../../../arm-none-eabi/lib/thumb/v7-m/nofp\libc_nano.a(lib_a-errno.o)
                              ./Core/Src/syscalls.o (__errno)
e:/stm32/stm32cubeide_1.7.0/stm32cubeide/plugins/com.st.stm32cube.ide.mcu.externaltools.gnu-tools-for-stm32.9-2020-q2-update.win32_2.0.0.202105311346/tools/bin/../lib/gcc/arm-none-eabi/9.3.1/../../../../arm-none-eabi/lib/thumb/v7-m/nofp\libc_nano.a(lib_a-exit.o)
                              e:/stm32/stm32cubeide_1.7.0/stm32cubeide/plugins/com.st.stm32cube.ide.mcu.externaltools.gnu-tools-for-stm32.9-2020-q2-update.win32_2.0.0.202105311346/tools/bin/../lib/gcc/arm-none-eabi/9.3.1/../../../../arm-none-eabi/lib/thumb/v7-m/nofp/crt0.o (exit)
e:/stm32/stm32cubeide_1.7.0/stm32cubeide/plugins/com.st.stm32cube.ide.mcu.externaltools.gnu-tools-for-stm32.9-2020-q2-update.win32_2.0.0.202105311346/tools/bin/../lib/gcc/arm-none-eabi/9.3.1/../../../../arm-none-eabi/lib/thumb/v7-m/nofp\libc_nano.a(lib_a-impure.o)
                              e:/stm32/stm32cubeide_1.7.0/stm32cubeide/plugins/com.st.stm32cube.ide.mcu.externaltools.gnu-tools-for-stm32.9-2020-q2-update.win32_2.0.0.202105311346/tools/bin/../lib/gcc/arm-none-eabi/9.3.1/../../../../arm-none-eabi/lib/thumb/v7-m/nofp\libc_nano.a(lib_a-exit.o) (_global_impure_ptr)
e:/stm32/stm32cubeide_1.7.0/stm32cubeide/plugins/com.st.stm32cube.ide.mcu.externaltools.gnu-tools-for-stm32.9-2020-q2-update.win32_2.0.0.202105311346/tools/bin/../lib/gcc/arm-none-eabi/9.3.1/../../../../arm-none-eabi/lib/thumb/v7-m/nofp\libc_nano.a(lib_a-init.o)
                              e:/stm32/stm32cubeide_1.7.0/stm32cubeide/plugins/com.st.stm32cube.ide.mcu.externaltools.gnu-tools-for-stm32.9-2020-q2-update.win32_2.0.0.202105311346/tools/bin/../lib/gcc/arm-none-eabi/9.3.1/../../../../arm-none-eabi/lib/thumb/v7-m/nofp/crt0.o (__libc_init_array)
e:/stm32/stm32cubeide_1.7.0/stm32cubeide/plugins/com.st.stm32cube.ide.mcu.externaltools.gnu-tools-for-stm32.9-2020-q2-update.win32_2.0.0.202105311346/tools/bin/../lib/gcc/arm-none-eabi/9.3.1/../../../../arm-none-eabi/lib/thumb/v7-m/nofp\libc_nano.a(lib_a-memset.o)
                              e:/stm32/stm32cubeide_1.7.0/stm32cubeide/plugins/com.st.stm32cube.ide.mcu.externaltools.gnu-tools-for-stm32.9-2020-q2-update.win32_2.0.0.202105311346/tools/bin/../lib/gcc/arm-none-eabi/9.3.1/../../../../arm-none-eabi/lib/thumb/v7-m/nofp/crt0.o (memset)
e:/stm32/stm32cubeide_1.7.0/stm32cubeide/plugins/com.st.stm32cube.ide.mcu.externaltools.gnu-tools-for-stm32.9-2020-q2-update.win32_2.0.0.202105311346/tools/bin/../lib/gcc/arm-none-eabi/9.3.1/../../../../arm-none-eabi/lib/thumb/v7-m/nofp\libc_nano.a(lib_a-sprintf.o)
                              ./Core/Src/DHT20_Handle.o (sprintf)
e:/stm32/stm32cubeide_1.7.0/stm32cubeide/plugins/com.st.stm32cube.ide.mcu.externaltools.gnu-tools-for-stm32.9-2020-q2-update.win32_2.0.0.202105311346/tools/bin/../lib/gcc/arm-none-eabi/9.3.1/../../../../arm-none-eabi/lib/thumb/v7-m/nofp\libc_nano.a(lib_a-strcmp.o)
                              ./Core/Src/com_receive.o (strcmp)
e:/stm32/stm32cubeide_1.7.0/stm32cubeide/plugins/com.st.stm32cube.ide.mcu.externaltools.gnu-tools-for-stm32.9-2020-q2-update.win32_2.0.0.202105311346/tools/bin/../lib/gcc/arm-none-eabi/9.3.1/../../../../arm-none-eabi/lib/thumb/v7-m/nofp\libc_nano.a(lib_a-nano-svfprintf.o)
                              e:/stm32/stm32cubeide_1.7.0/stm32cubeide/plugins/com.st.stm32cube.ide.mcu.externaltools.gnu-tools-for-stm32.9-2020-q2-update.win32_2.0.0.202105311346/tools/bin/../lib/gcc/arm-none-eabi/9.3.1/../../../../arm-none-eabi/lib/thumb/v7-m/nofp\libc_nano.a(lib_a-sprintf.o) (_svfprintf_r)
e:/stm32/stm32cubeide_1.7.0/stm32cubeide/plugins/com.st.stm32cube.ide.mcu.externaltools.gnu-tools-for-stm32.9-2020-q2-update.win32_2.0.0.202105311346/tools/bin/../lib/gcc/arm-none-eabi/9.3.1/../../../../arm-none-eabi/lib/thumb/v7-m/nofp\libc_nano.a(lib_a-nano-vfprintf_i.o)
                              e:/stm32/stm32cubeide_1.7.0/stm32cubeide/plugins/com.st.stm32cube.ide.mcu.externaltools.gnu-tools-for-stm32.9-2020-q2-update.win32_2.0.0.202105311346/tools/bin/../lib/gcc/arm-none-eabi/9.3.1/../../../../arm-none-eabi/lib/thumb/v7-m/nofp\libc_nano.a(lib_a-nano-svfprintf.o) (_printf_i)
e:/stm32/stm32cubeide_1.7.0/stm32cubeide/plugins/com.st.stm32cube.ide.mcu.externaltools.gnu-tools-for-stm32.9-2020-q2-update.win32_2.0.0.202105311346/tools/bin/../lib/gcc/arm-none-eabi/9.3.1/../../../../arm-none-eabi/lib/thumb/v7-m/nofp\libc_nano.a(lib_a-memchr-stub.o)
[...]
Memory Configuration

Name             Origin             Length             Attributes
RAM              0x0000000020000000 0x0000000000005000 xrw
FLASH            0x0000000008000000 0x0000000000020000 xr
*default*        0x0000000000000000 0xffffffffffffffff

Linker script and memory map

LOAD e:/stm32/stm32cubeide_1.7.0/stm32cubeide/plugins/com.st.stm32cube.ide.mcu.externaltools.gnu-tools-for-stm32.9-2020-q2-update.win32_2.0.0.202105311346/tools/bin/../lib/gcc/arm-none-eabi/9.3.1/thumb/v7-m/nofp/crti.o
LOAD e:/stm32/stm32cubeide_1.7.0/stm32cubeide/plugins/com.st.stm32cube.ide.mcu.externaltools.gnu-tools-for-stm32.9-2020-q2-update.win32_2.0.0.202105311346/tools/bin/../lib/gcc/arm-none-eabi/9.3.1/thumb/v7-m/nofp/crtbegin.o
LOAD e:/stm32/stm32cubeide_1.7.0/stm32cubeide/plugins/com.st.stm32cube.ide.mcu.externaltools.gnu-tools-for-stm32.9-2020-q2-update.win32_2.0.0.202105311346/tools/bin/../lib/gcc/arm-none-eabi/9.3.1/../../../../arm-none-eabi/lib/thumb/v7-m/nofp/crt0.o
LOAD ./Core/Src/DHT20_Handle.o
LOAD ./Core/Src/com_receive.o
LOAD ./Core/Src/comm_fsm.o
LOAD ./Core/Src/fsm.o
LOAD ./Core/Src/global.o
LOAD ./Core/Src/main.o
LOAD ./Core/Src/scheduler.o
LOAD ./Core/Src/stm32f1xx_hal_msp.o
LOAD ./Core/Src/stm32f1xx_it.o
LOAD ./Core/Src/syscalls.o
LOAD ./Core/Src/sysmem.o
LOAD ./Core/Src/system_stm32f1xx.o
LOAD ./Core/Src/timer.o
LOAD ./Core/Startup/startup_stm32f103rbtx.o
LOAD ./Drivers/STM32F1xx_HAL_Driver/Src/stm32f1xx_hal.o
LOAD ./Drivers/STM32F1xx_HAL_Driver/Src/stm32f1xx_hal_cortex.o
LOAD ./Drivers/STM32F1xx_HAL_Driver/Src/stm32f1xx_hal_dma.o
LOAD ./Drivers/STM32F1xx_HAL_Driver/Src/stm32f1xx_hal_exti.o
LOAD ./Drivers/STM32F1xx_HAL_Driver/Src/stm32f1xx_hal_flash.o
LOAD ./Drivers/STM32F1xx_HAL_Driver/Src/stm32f1xx_hal_flash_ex.o
LOAD ./Drivers/STM32F1xx_HAL_Driver/Src/stm32f1xx_hal_gpio.o
LOAD ./Drivers/STM32F1xx_HAL_Driver/Src/stm32f1xx_hal_gpio_ex.o
LOAD ./Drivers/STM32F1xx_HAL_Driver/Src/stm32f1xx_hal_pwr.o
LOAD ./Drivers/STM32F1xx_HAL_Driver/Src/stm32f1xx_hal_rcc.o
LOAD ./Drivers/STM32F1xx_HAL_Driver/Src/stm32f1xx_hal_rcc_ex.o
LOAD ./Drivers/STM32F1xx_HAL_Driver/Src/stm32f1xx_hal_tim.o
LOAD ./Drivers/STM32F1xx_HAL_Driver/Src/stm32f1xx_hal_tim_ex.o
LOAD ./Drivers/STM32F1xx_HAL_Driver/Src/stm32f1xx_hal_uart.o
START GROUP
LOAD e:/stm32/stm32cubeide_1.7.0/stm32cubeide/plugins/com.st.stm32cube.ide.mcu.externaltools.gnu-tools-for-stm32.9-2020-q2-update.win32_2.0.0.202105311346/tools/bin/../lib/gcc/arm-none-eabi/9.3.1/../../../../arm-none-eabi/lib/thumb/v7-m/nofp\libc_nano.a
LOAD e:/stm32/stm32cubeide_1.7.0/stm32cubeide/plugins/com.st.stm32cube.ide.mcu.externaltools.gnu-tools-for-stm32.9-2020-q2-update.win32_2.0.0.202105311346/tools/bin/../lib/gcc/arm-none-eabi/9.3.1/../../../../arm-none-eabi/lib/thumb/v7-m/nofp\libm.a
END GROUP
START GROUP
LOAD e:/stm32/stm32cubeide_1.7.0/stm32cubeide/plugins/com.st.stm32cube.ide.mcu.externaltools.gnu-tools-for-stm32.9-2020-q2-update.win32_2.0.0.202105311346/tools/bin/../lib/gcc/arm-none-eabi/9.3.1/thumb/v7-m/nofp\libgcc.a
LOAD e:/stm32/stm32cubeide_1.7.0/stm32cubeide/plugins/com.st.stm32cube.ide.mcu.externaltools.gnu-tools-for-stm32.9-2020-q2-update.win32_2.0.0.202105311346/tools/bin/../lib/gcc/arm-none-eabi/9.3.1/../../../../arm-none-eabi/lib/thumb/v7-m/nofp\libc_nano.a
END GROUP
START GROUP
LOAD e:/stm32/stm32cubeide_1.7.0/stm32cubeide/plugins/com.st.stm32cube.ide.mcu.externaltools.gnu-tools-for-stm32.9-2020-q2-update.win32_2.0.0.202105311346/tools/bin/../lib/gcc/arm-none-eabi/9.3.1/thumb/v7-m/nofp\libgcc.a
LOAD e:/stm32/stm32cubeide_1.7.0/stm32cubeide/plugins/com.st.stm32cube.ide.mcu.externaltools.gnu-tools-for-stm32.9-2020-q2-update.win32_2.0.0.202105311346/tools/bin/../lib/gcc/arm-none-eabi/9.3.1/../../../../arm-none-eabi/lib/thumb/v7-m/nofp\libc_nano.a
LOAD e:/stm32/stm32cubeide_1.7.0/stm32cubeide/plugins/com.st.stm32cube.ide.mcu.externaltools.gnu-tools-for-stm32.9-2020-q2-update.win32_2.0.0.202105311346/tools/bin/../lib/gcc/arm-none-eabi/9.3.1/../../../../arm-none-eabi/lib/thumb/v7-m/nofp\libnosys.a
END GROUP
START GROUP
LOAD e:/stm32/stm32cubeide_1.7.0/stm32cubeide/plugins/com.st.stm32cube.ide.mcu.externaltools.gnu-tools-for-stm32.9-2020-q2-update.win32_2.0.0.202105311346/tools/bin/../lib/gcc/arm-none-eabi/9.3.1/thumb/v7-m/nofp\libgcc.a
LOAD e:/stm32/stm32cubeide_1.7.0/stm32cubeide/plugins/com.st.stm32cube.ide.mcu.externaltools.gnu-tools-for-stm32.9-2020-q2-update.win32_2.0.0.202105311346/tools/bin/../lib/gcc/arm-none-eabi/9.3.1/../../../../arm-none-eabi/lib/thumb/v7-m/nofp\libc_nano.a
LOAD e:/stm32/stm32cubeide_1.7.0/stm32cubeide/plugins/com.st.stm32cube.ide.mcu.externaltools.gnu-tools-for-stm32.9-2020-q2-update.win32_2.0.0.202105311346/tools/bin/../lib/gcc/arm-none-eabi/9.3.1/../../../../arm-none-eabi/lib/thumb/v7-m/nofp\libnosys.a
END GROUP
LOAD e:/stm32/stm32cubeide_1.7.0/stm32cubeide/plugins/com.st.stm32cube.ide.mcu.externaltools.gnu-tools-for-stm32.9-2020-q2-update.win32_2.0.0.202105311346/tools/bin/../lib/gcc/arm-none-eabi/9.3.1/thumb/v7-m/nofp/crtend.o
LOAD e:/stm32/stm32cubeide_1.7.0/stm32cubeide/plugins/com.st.stm32cube.ide.mcu.externaltools.gnu-tools-for-stm32.9-2020-q2-update.win32_2.0.0.202105311346/tools/bin/../lib/gcc/arm-none-eabi/9.3.1/thumb/v7-m/nofp/crtn.o
                0x0000000020005000                _estack = (ORIGIN (RAM) + LENGTH (RAM))
                0x0000000000000200                _Min_Heap_Size = 0x200
                0x0000000000000400                _Min_Stack_Size = 0x400

.isr_vector     0x0000000008000000      0x10c
                0x0000000008000000                . = ALIGN (0x4)
 *(.isr_vector)
 .isr_vector    0x0000000008000000      0x10c ./Core/Startup/startup_stm32f103rbtx.o
                0x0000000008000000                g_pfnVectors
                0x000000000800010c                . = ALIGN (0x4)

.text           0x000000000800010c     0x3f0c
                0x000000000800010c                . = ALIGN (0x4)
 *(.text)
 .text          0x000000000800010c       0x40 e:/stm32/stm32cubeide_1.7.0/stm32cubeide/plugins/com.st.stm32cube.ide.mcu.externaltools.gnu-tools-for-stm32.9-2020-q2-update.win32_2.0.0.202105311346/tools/bin/../lib/gcc/arm-none-eabi/9.3.1/thumb/v7-m/nofp/crtbegin.o
 .text          0x000000000800014c       0x14 e:/stm32/stm32cubeide_1.7.0/stm32cubeide/plugins/com.st.stm32cube.ide.mcu.externaltools.gnu-tools-for-stm32.9-2020-q2-update.win32_2.0.0.202105311346/tools/bin/../lib/gcc/arm-none-eabi/9.3.1/../../../../arm-none-eabi/lib/thumb/v7-m/nofp\libc_nano.a(lib_a-strcmp.o)
                0x000000000800014c                strcmp
 *(.text*)
 .text.read_data
                0x0000000008000160       0xac ./Core/Src/DHT20_Handle.o
                0x0000000008000160                read_data
 .text.make_data
                0x000000000800020c       0x40 ./Core/Src/DHT20_Handle.o
                0x000000000800020c                make_data
 .text.remove_data
                0x000000000800024c       0xa8 ./Core/Src/DHT20_Handle.o
                0x000000000800024c                remove_data
 .text.cmd_init
                0x00000000080002f4       0x18 ./Core/Src/com_receive.o
                0x00000000080002f4                cmd_init
 .text.cmd_parser
                0x000000000800030c       0x54 ./Core/Src/com_receive.o
                0x000000000800030c                cmd_parser
 .text.uart_communiction_innit
                0x0000000008000360       0x18 ./Core/Src/comm_fsm.o
                0x0000000008000360                uart_communiction_innit
 .text.uart_communication_fsm
                0x0000000008000378       0x8c ./Core/Src/comm_fsm.o
                0x0000000008000378                uart_communication_fsm
 .text.Print_HELLO
                0x0000000008000404       0x30 ./Core/Src/main.o
                0x0000000008000404                Print_HELLO
 .text.send_data
                0x0000000008000434       0x40 ./Core/Src/main.o
                0x0000000008000434                send_data
 .text.HAL_UART_RxCpltCallback
                0x0000000008000474       0x78 ./Core/Src/main.o
                0x0000000008000474                HAL_UART_RxCpltCallback
 .text.main     0x00000000080004ec       0x7c ./Core/Src/main.o
                0x00000000080004ec                main
 .text.SystemClock_Config
                0x0000000008000568       0x76 ./Core/Src/main.o
                0x0000000008000568                SystemClock_Config
 *fill*         0x00000000080005de        0x2 
 .text.MX_TIM2_Init
                0x00000000080005e0       0x98 ./Core/Src/main.o
 .text.MX_TIM3_Init
                0x0000000008000678       0xec ./Core/Src/main.o
 .text.MX_USART2_UART_Init
                0x0000000008000764       0x54 ./Core/Src/main.o
 .text.MX_GPIO_Init
                0x00000000080007b8      0x130 ./Core/Src/main.o
 .text.HAL_TIM_PeriodElapsedCallback
                0x00000000080008e8       0x1e ./Core/Src/main.o
                0x00000000080008e8                HAL_TIM_PeriodElapsedCallback
 .text.Error_Handler
                0x0000000008000906        0xa ./Core/Src/main.o
                0x0000000008000906                Error_Handler
 .text.SCH_Init
                0x0000000008000910       0x18 ./Core/Src/scheduler.o
                0x0000000008000910                SCH_Init
 .text.SCH_Add_Task
                0x0000000008000928       0xa4 ./Core/Src/scheduler.o
                0x0000000008000928                SCH_Add_Task
 .text.SCH_Update
                0x00000000080009cc       0xe8 ./Core/Src/scheduler.o
                0x00000000080009cc                SCH_Update
 .text.SCH_Dispatch_Tasks
                0x0000000008000ab4       0xd0 ./Core/Src/scheduler.o
                0x0000000008000ab4                SCH_Dispatch_Tasks
 .text.SCH_Delete_Task
                0x0000000008000b84       0xe4 ./Core/Src/scheduler.o
                0x0000000008000b84                SCH_Delete_Task
 .text.HAL_MspInit
                0x0000000008000c68       0x64 ./Core/Src/stm32f1xx_hal_msp.o
                0x0000000008000c68                HAL_MspInit
 .text.HAL_TIM_Base_MspInit
                0x0000000008000ccc       0x70 ./Core/Src/stm32f1xx_hal_msp.o
                0x0000000008000ccc                HAL_TIM_Base_MspInit
 .text.HAL_TIM_MspPostInit
                0x0000000008000d3c       0x64 ./Core/Src/stm32f1xx_hal_msp.o
                0x0000000008000d3c                HAL_TIM_MspPostInit
 .text.HAL_UART_MspInit
                0x0000000008000da0       0xa4 ./Core/Src/stm32f1xx_hal_msp.o
                0x0000000008000da0                HAL_UART_MspInit
 .text.NMI_Handler
                0x0000000008000e44        0x6 ./Core/Src/stm32f1xx_it.o
                0x0000000008000e44                NMI_Handler
 .text.HardFault_Handler
                0x0000000008000e4a        0x6 ./Core/Src/stm32f1xx_it.o
                0x0000000008000e4a                HardFault_Handler
 .text.MemManage_Handler
                0x0000000008000e50        0x6 ./Core/Src/stm32f1xx_it.o
                0x0000000008000e50                MemManage_Handler
 .text.BusFault_Handler
                0x0000000008000e56        0x6 ./Core/Src/stm32f1xx_it.o
                0x0000000008000e56                BusFault_Handler
 .text.UsageFault_Handler
                0x0000000008000e5c        0x6 ./Core/Src/stm32f1xx_it.o
                0x0000000008000e5c                UsageFault_Handler
 .text.SVC_Handler
                0x0000000008000e62        0xc ./Core/Src/stm32f1xx_it.o
                0x0000000008000e62                SVC_Handler
 .text.DebugMon_Handler
                0x0000000008000e6e        0xc ./Core/Src/stm32f1xx_it.o
                0x0000000008000e6e                DebugMon_Handler
 .text.PendSV_Handler
                0x0000000008000e7a        0xc ./Core/Src/stm32f1xx_it.o
                0x0000000008000e7a                PendSV_Handler
 .text.SysTick_Handler
                0x0000000008000e86        0xc ./Core/Src/stm32f1xx_it.o
                0x0000000008000e86                SysTick_Handler
 *fill*         0x0000000008000e92        0x2 
 .text.TIM2_IRQHandler
                0x0000000008000e94       0x14 ./Core/Src/stm32f1xx_it.o
                0x0000000008000e94                TIM2_IRQHandler
 .text.USART2_IRQHandler
                0x0000000008000ea8       0x14 ./Core/Src/stm32f1xx_it.o
                0x0000000008000ea8                USART2_IRQHandler
 .text._sbrk    0x0000000008000ebc       0x6c ./Core/Src/sysmem.o
                0x0000000008000ebc                _sbrk
 .text.SystemInit
                0x0000000008000f28        0xc ./Core/Src/system_stm32f1xx.o
                0x0000000008000f28                SystemInit
 .text.setTimer0
                0x0000000008000f34       0x28 ./Core/Src/timer.o
                0x0000000008000f34                setTimer0
 .text.timerRun0
                0x0000000008000f5c       0x34 ./Core/Src/timer.o
                0x0000000008000f5c                timerRun0
 .text.Reset_Handler
                0x0000000008000f90       0x48 ./Core/Startup/startup_stm32f103rbtx.o
                0x0000000008000f90                Reset_Handler
 .text.Default_Handler
                0x0000000008000fd8        0x2 ./Core/Startup/startup_stm32f103rbtx.o
                0x0000000008000fd8                RTC_Alarm_IRQHandler
                0x0000000008000fd8                EXTI2_IRQHandler
                0x0000000008000fd8                TIM1_CC_IRQHandler
                0x0000000008000fd8                PVD_IRQHandler
                0x0000000008000fd8                EXTI3_IRQHandler
                0x0000000008000fd8                EXTI0_IRQHandler
                0x0000000008000fd8                I2C2_EV_IRQHandler
                0x0000000008000fd8                ADC1_2_IRQHandler
                0x0000000008000fd8                SPI1_IRQHandler
                0x0000000008000fd8                TAMPER_IRQHandler
                0x0000000008000fd8                DMA1_Channel4_IRQHandler
                0x0000000008000fd8                USART3_IRQHandler
                0x0000000008000fd8                RTC_IRQHandler
                0x0000000008000fd8                DMA1_Channel7_IRQHandler
                0x0000000008000fd8                CAN1_RX1_IRQHandler
                0x0000000008000fd8                TIM4_IRQHandler
                0x0000000008000fd8                I2C1_EV_IRQHandler
                0x0000000008000fd8                DMA1_Channel6_IRQHandler
                0x0000000008000fd8                TIM3_IRQHandler
                0x0000000008000fd8                RCC_IRQHandler
                0x0000000008000fd8                TIM1_TRG_COM_IRQHandler
                0x0000000008000fd8                DMA1_Channel1_IRQHandler
                0x0000000008000fd8                Default_Handler
                0x0000000008000fd8                EXTI15_10_IRQHandler
                0x0000000008000fd8                EXTI9_5_IRQHandler
                0x0000000008000fd8                SPI2_IRQHandler
                0x0000000008000fd8                DMA1_Channel5_IRQHandler
                0x0000000008000fd8                EXTI4_IRQHandler
                0x0000000008000fd8                USB_LP_CAN1_RX0_IRQHandler
                0x0000000008000fd8                USB_HP_CAN1_TX_IRQHandler
                0x0000000008000fd8                DMA1_Channel3_IRQHandler
                0x0000000008000fd8                TIM1_UP_IRQHandler
                0x0000000008000fd8                WWDG_IRQHandler
                0x0000000008000fd8                TIM1_BRK_IRQHandler
                0x0000000008000fd8                EXTI1_IRQHandler
                0x0000000008000fd8                I2C2_ER_IRQHandler
                0x0000000008000fd8                DMA1_Channel2_IRQHandler
                0x0000000008000fd8                CAN1_SCE_IRQHandler
                0x0000000008000fd8                FLASH_IRQHandler
                0x0000000008000fd8                USART1_IRQHandler
                0x0000000008000fd8                I2C1_ER_IRQHandler
                0x0000000008000fd8                USBWakeUp_IRQHandler
 *fill*         0x0000000008000fda        0x2 
 .text.HAL_Init
                0x0000000008000fdc       0x2c ./Drivers/STM32F1xx_HAL_Driver/Src/stm32f1xx_hal.o
                0x0000000008000fdc                HAL_Init
 .text.HAL_InitTick
                0x0000000008001008       0x60 ./Drivers/STM32F1xx_HAL_Driver/Src/stm32f1xx_hal.o
                0x0000000008001008                HAL_InitTick
 .text.HAL_IncTick
                0x0000000008001068       0x24 ./Drivers/STM32F1xx_HAL_Driver/Src/stm32f1xx_hal.o
                0x0000000008001068                HAL_IncTick
 .text.HAL_GetTick
                0x000000000800108c       0x14 ./Drivers/STM32F1xx_HAL_Driver/Src/stm32f1xx_hal.o
                0x000000000800108c                HAL_GetTick
 .text.__NVIC_SetPriorityGrouping
                0x00000000080010a0       0x48 ./Drivers/STM32F1xx_HAL_Driver/Src/stm32f1xx_hal_cortex.o
 .text.__NVIC_GetPriorityGrouping
                0x00000000080010e8       0x1c ./Drivers/STM32F1xx_HAL_Driver/Src/stm32f1xx_hal_cortex.o
 .text.__NVIC_EnableIRQ
                0x0000000008001104       0x38 ./Drivers/STM32F1xx_HAL_Driver/Src/stm32f1xx_hal_cortex.o
 .text.__NVIC_SetPriority
                0x000000000800113c       0x54 ./Drivers/STM32F1xx_HAL_Driver/Src/stm32f1xx_hal_cortex.o
 .text.NVIC_EncodePriority
                0x0000000008001190       0x64 ./Drivers/STM32F1xx_HAL_Driver/Src/stm32f1xx_hal_cortex.o
 .text.SysTick_Config
                0x00000000080011f4       0x44 ./Drivers/STM32F1xx_HAL_Driver/Src/stm32f1xx_hal_cortex.o
 .text.HAL_NVIC_SetPriorityGrouping
                0x0000000008001238       0x16 ./Drivers/STM32F1xx_HAL_Driver/Src/stm32f1xx_hal_cortex.o
                0x0000000008001238                HAL_NVIC_SetPriorityGrouping
 .text.HAL_NVIC_SetPriority
                0x000000000800124e       0x38 ./Drivers/STM32F1xx_HAL_Driver/Src/stm32f1xx_hal_cortex.o
                0x000000000800124e                HAL_NVIC_SetPriority
 .text.HAL_NVIC_EnableIRQ
                0x0000000008001286       0x1c ./Drivers/STM32F1xx_HAL_Driver/Src/stm32f1xx_hal_cortex.o
                0x0000000008001286                HAL_NVIC_EnableIRQ
 .text.HAL_SYSTICK_Config
                0x00000000080012a2       0x18 ./Drivers/STM32F1xx_HAL_Driver/Src/stm32f1xx_hal_cortex.o
                0x00000000080012a2                HAL_SYSTICK_Config
 .text.HAL_DMA_Abort
                0x00000000080012ba       0x74 ./Drivers/STM32F1xx_HAL_Driver/Src/stm32f1xx_hal_dma.o
                0x00000000080012ba                HAL_DMA_Abort
 *fill*         0x000000000800132e        0x2 
 .text.HAL_DMA_Abort_IT
                0x0000000008001330       0xec ./Drivers/STM32F1xx_HAL_Driver/Src/stm32f1xx_hal_dma.o
                0x0000000008001330                HAL_DMA_Abort_IT
 .text.HAL_GPIO_Init
                0x000000000800141c      0x308 ./Drivers/STM32F1xx_HAL_Driver/Src/stm32f1xx_hal_gpio.o
                0x000000000800141c                HAL_GPIO_Init
 .text.HAL_GPIO_WritePin
                0x0000000008001724       0x30 ./Drivers/STM32F1xx_HAL_Driver/Src/stm32f1xx_hal_gpio.o
                0x0000000008001724                HAL_GPIO_WritePin
 .text.HAL_RCC_OscConfig
                0x0000000008001754      0x500 ./Drivers/STM32F1xx_HAL_Driver/Src/stm32f1xx_hal_rcc.o
                0x0000000008001754                HAL_RCC_OscConfig
 .text.HAL_RCC_ClockConfig
                0x0000000008001c54      0x1d4 ./Drivers/STM32F1xx_HAL_Driver/Src/stm32f1xx_hal_rcc.o
                0x0000000008001c54                HAL_RCC_ClockConfig
 .text.HAL_RCC_GetSysClockFreq
                0x0000000008001e28       0xc0 ./Drivers/STM32F1xx_HAL_Driver/Src/stm32f1xx_hal_rcc.o
                0x0000000008001e28                HAL_RCC_GetSysClockFreq
 .text.HAL_RCC_GetHCLKFreq
                0x0000000008001ee8       0x14 ./Drivers/STM32F1xx_HAL_Driver/Src/stm32f1xx_hal_rcc.o
                0x0000000008001ee8                HAL_RCC_GetHCLKFreq
 .text.HAL_RCC_GetPCLK1Freq
                0x0000000008001efc       0x28 ./Drivers/STM32F1xx_HAL_Driver/Src/stm32f1xx_hal_rcc.o
                0x0000000008001efc                HAL_RCC_GetPCLK1Freq
 .text.HAL_RCC_GetPCLK2Freq
                0x0000000008001f24       0x28 ./Drivers/STM32F1xx_HAL_Driver/Src/stm32f1xx_hal_rcc.o
                0x0000000008001f24                HAL_RCC_GetPCLK2Freq
 .text.RCC_Delay
                0x0000000008001f4c       0x3c ./Drivers/STM32F1xx_HAL_Driver/Src/stm32f1xx_hal_rcc.o
 .text.HAL_TIM_Base_Init
                0x0000000008001f88       0x9e ./Drivers/STM32F1xx_HAL_Driver/Src/stm32f1xx_hal_tim.o
                0x0000000008001f88                HAL_TIM_Base_Init
 *fill*         0x0000000008002026        0x2 
 .text.HAL_TIM_Base_Start_IT
                0x0000000008002028       0xa4 ./Drivers/STM32F1xx_HAL_Driver/Src/stm32f1xx_hal_tim.o
                0x0000000008002028                HAL_TIM_Base_Start_IT
 .text.HAL_TIM_PWM_Init
                0x00000000080020cc       0x9e ./Drivers/STM32F1xx_HAL_Driver/Src/stm32f1xx_hal_tim.o
                0x00000000080020cc                HAL_TIM_PWM_Init
 .text.HAL_TIM_PWM_MspInit
                0x000000000800216a       0x12 ./Drivers/STM32F1xx_HAL_Driver/Src/stm32f1xx_hal_tim.o
                0x000000000800216a                HAL_TIM_PWM_MspInit
 .text.HAL_TIM_IRQHandler
                0x000000000800217c      0x210 ./Drivers/STM32F1xx_HAL_Driver/Src/stm32f1xx_hal_tim.o
                0x000000000800217c                HAL_TIM_IRQHandler
 .text.HAL_TIM_PWM_ConfigChannel
                0x000000000800238c      0x17c ./Drivers/STM32F1xx_HAL_Driver/Src/stm32f1xx_hal_tim.o
                0x000000000800238c                HAL_TIM_PWM_ConfigChannel
 .text.HAL_TIM_ConfigClockSource
                0x0000000008002508      0x188 ./Drivers/STM32F1xx_HAL_Driver/Src/stm32f1xx_hal_tim.o
                0x0000000008002508                HAL_TIM_ConfigClockSource
 .text.HAL_TIM_OC_DelayElapsedCallback
                0x0000000008002690       0x12 ./Drivers/STM32F1xx_HAL_Driver/Src/stm32f1xx_hal_tim.o
                0x0000000008002690                HAL_TIM_OC_DelayElapsedCallback
 .text.HAL_TIM_IC_CaptureCallback
                0x00000000080026a2       0x12 ./Drivers/STM32F1xx_HAL_Driver/Src/stm32f1xx_hal_tim.o
                0x00000000080026a2                HAL_TIM_IC_CaptureCallback
 .text.HAL_TIM_PWM_PulseFinishedCallback
                0x00000000080026b4       0x12 ./Drivers/STM32F1xx_HAL_Driver/Src/stm32f1xx_hal_tim.o
                0x00000000080026b4                HAL_TIM_PWM_PulseFinishedCallback
 .text.HAL_TIM_TriggerCallback
                0x00000000080026c6       0x12 ./Drivers/STM32F1xx_HAL_Driver/Src/stm32f1xx_hal_tim.o
                0x00000000080026c6                HAL_TIM_TriggerCallback
 .text.TIM_Base_SetConfig
                0x00000000080026d8       0xc4 ./Drivers/STM32F1xx_HAL_Driver/Src/stm32f1xx_hal_tim.o
                0x00000000080026d8                TIM_Base_SetConfig
 .text.TIM_OC1_SetConfig
                0x000000000800279c       0xcc ./Drivers/STM32F1xx_HAL_Driver/Src/stm32f1xx_hal_tim.o
 .text.TIM_OC2_SetConfig
                0x0000000008002868       0xd4 ./Drivers/STM32F1xx_HAL_Driver/Src/stm32f1xx_hal_tim.o
                0x0000000008002868                TIM_OC2_SetConfig
 .text.TIM_OC3_SetConfig
                0x000000000800293c       0xd4 ./Drivers/STM32F1xx_HAL_Driver/Src/stm32f1xx_hal_tim.o
 .text.TIM_OC4_SetConfig
                0x0000000008002a10       0x9c ./Drivers/STM32F1xx_HAL_Driver/Src/stm32f1xx_hal_tim.o
 .text.TIM_TI1_ConfigInputStage
                0x0000000008002aac       0x5c ./Drivers/STM32F1xx_HAL_Driver/Src/stm32f1xx_hal_tim.o
 .text.TIM_TI2_ConfigInputStage
                0x0000000008002b08       0x5e ./Drivers/STM32F1xx_HAL_Driver/Src/stm32f1xx_hal_tim.o
 .text.TIM_ITRx_SetConfig
                0x0000000008002b66       0x34 ./Drivers/STM32F1xx_HAL_Driver/Src/stm32f1xx_hal_tim.o
 .text.TIM_ETR_SetConfig
                0x0000000008002b9a       0x3e ./Drivers/STM32F1xx_HAL_Driver/Src/stm32f1xx_hal_tim.o
                0x0000000008002b9a                TIM_ETR_SetConfig
 .text.HAL_TIMEx_MasterConfigSynchronization
                0x0000000008002bd8       0xbc ./Drivers/STM32F1xx_HAL_Driver/Src/stm32f1xx_hal_tim_ex.o
                0x0000000008002bd8                HAL_TIMEx_MasterConfigSynchronization
 .text.HAL_TIMEx_CommutCallback
                0x0000000008002c94       0x12 ./Drivers/STM32F1xx_HAL_Driver/Src/stm32f1xx_hal_tim_ex.o
                0x0000000008002c94                HAL_TIMEx_CommutCallback
 .text.HAL_TIMEx_BreakCallback
                0x0000000008002ca6       0x12 ./Drivers/STM32F1xx_HAL_Driver/Src/stm32f1xx_hal_tim_ex.o
                0x0000000008002ca6                HAL_TIMEx_BreakCallback
 .text.HAL_UART_Init
                0x0000000008002cb8       0x9a ./Drivers/STM32F1xx_HAL_Driver/Src/stm32f1xx_hal_uart.o
                0x0000000008002cb8                HAL_UART_Init
 .text.HAL_UART_Transmit
                0x0000000008002d52      0x124 ./Drivers/STM32F1xx_HAL_Driver/Src/stm32f1xx_hal_uart.o
                0x0000000008002d52                HAL_UART_Transmit
 .text.HAL_UART_Receive_IT
                0x0000000008002e76       0x60 ./Drivers/STM32F1xx_HAL_Driver/Src/stm32f1xx_hal_uart.o
                0x0000000008002e76                HAL_UART_Receive_IT
 *fill*         0x0000000008002ed6        0x2 
 .text.HAL_UART_IRQHandler
                0x0000000008002ed8      0x354 ./Drivers/STM32F1xx_HAL_Driver/Src/stm32f1xx_hal_uart.o
                0x0000000008002ed8                HAL_UART_IRQHandler
 .text.HAL_UART_TxCpltCallback
                0x000000000800322c       0x12 ./Drivers/STM32F1xx_HAL_Driver/Src/stm32f1xx_hal_uart.o
                0x000000000800322c                HAL_UART_TxCpltCallback
 .text.HAL_UART_ErrorCallback
                0x000000000800323e       0x12 ./Drivers/STM32F1xx_HAL_Driver/Src/stm32f1xx_hal_uart.o
                0x000000000800323e                HAL_UART_ErrorCallback
 .text.HAL_UARTEx_RxEventCallback
                0x0000000008003250       0x16 ./Drivers/STM32F1xx_HAL_Driver/Src/stm32f1xx_hal_uart.o
                0x0000000008003250                HAL_UARTEx_RxEventCallback
 .text.UART_WaitOnFlagUntilTimeout
                0x0000000008003266       0x94 ./Drivers/STM32F1xx_HAL_Driver/Src/stm32f1xx_hal_uart.o
 .text.UART_Start_Receive_IT
                0x00000000080032fa       0x72 ./Drivers/STM32F1xx_HAL_Driver/Src/stm32f1xx_hal_uart.o
                0x00000000080032fa                UART_Start_Receive_IT
 .text.UART_EndRxTransfer
                0x000000000800336c       0x58 ./Drivers/STM32F1xx_HAL_Driver/Src/stm32f1xx_hal_uart.o
 .text.UART_DMAAbortOnError
                0x00000000080033c4       0x28 ./Drivers/STM32F1xx_HAL_Driver/Src/stm32f1xx_hal_uart.o
 .text.UART_Transmit_IT
                0x00000000080033ec       0x9e ./Drivers/STM32F1xx_HAL_Driver/Src/stm32f1xx_hal_uart.o
 .text.UART_EndTransmit_IT
                0x000000000800348a       0x30 ./Drivers/STM32F1xx_HAL_Driver/Src/stm32f1xx_hal_uart.o
 .text.UART_Receive_IT
                0x00000000080034ba      0x152 ./Drivers/STM32F1xx_HAL_Driver/Src/stm32f1xx_hal_uart.o
 .text.UART_SetConfig
                0x000000000800360c      0x11c ./Drivers/STM32F1xx_HAL_Driver/Src/stm32f1xx_hal_uart.o
 .text.__errno  0x0000000008003728        0xc e:/stm32/stm32cubeide_1.7.0/stm32cubeide/plugins/com.st.stm32cube.ide.mcu.externaltools.gnu-tools-for-stm32.9-2020-q2-update.win32_2.0.0.202105311346/tools/bin/../lib/gcc/arm-none-eabi/9.3.1/../../../../arm-none-eabi/lib/thumb/v7-m/nofp\libc_nano.a(lib_a-errno.o)
                0x0000000008003728                __errno
 .text.__libc_init_array
                0x0000000008003734       0x48 e:/stm32/stm32cubeide_1.7.0/stm32cubeide/plugins/com.st.stm32cube.ide.mcu.externaltools.gnu-tools-for-stm32.9-2020-q2-update.win32_2.0.0.202105311346/tools/bin/../lib/gcc/arm-none-eabi/9.3.1/../../../../arm-none-eabi/lib/thumb/v7-m/nofp\libc_nano.a(lib_a-init.o)
                0x0000000008003734                __libc_init_array
 .text.memset   0x000000000800377c       0x10 e:/stm32/stm32cubeide_1.7.0/stm32cubeide/plugins/com.st.stm32cube.ide.mcu.externaltools.gnu-tools-for-stm32.9-2020-q2-update.win32_2.0.0.202105311346/tools/bin/../lib/gcc/arm-none-eabi/9.3.1/../../../../arm-none-eabi/lib/thumb/v7-m/nofp\libc_nano.a(lib_a-memset.o)
                0x000000000800377c                memset
 .text.sprintf  0x000000000800378c       0x40 e:/stm32/stm32cubeide_1.7.0/stm32cubeide/plugins/com.st.stm32cube.ide.mcu.externaltools.gnu-tools-for-stm32.9-2020-q2-update.win32_2.0.0.202105311346/tools/bin/../lib/gcc/arm-none-eabi/9.3.1/../../../../arm-none-eabi/lib/thumb/v7-m/nofp\libc_nano.a(lib_a-sprintf.o)
                0x000000000800378c                siprintf
                0x000000000800378c                sprintf
 .text.__ssputs_r
                0x00000000080037cc       0xb6 e:/stm32/stm32cubeide_1.7.0/stm32cubeide/plugins/com.st.stm32cube.ide.mcu.externaltools.gnu-tools-for-stm32.9-2020-q2-update.win32_2.0.0.202105311346/tools/bin/../lib/gcc/arm-none-eabi/9.3.1/../../../../arm-none-eabi/lib/thumb/v7-m/nofp\libc_nano.a(lib_a-nano-svfprintf.o)
                0x00000000080037cc                __ssputs_r
 *fill*         0x0000000008003882        0x2 
 .text._svfprintf_r
                0x0000000008003884      0x200 e:/stm32/stm32cubeide_1.7.0/stm32cubeide/plugins/com.st.stm32cube.ide.mcu.externaltools.gnu-tools-for-stm32.9-2020-q2-update.win32_2.0.0.202105311346/tools/bin/../lib/gcc/arm-none-eabi/9.3.1/../../../../arm-none-eabi/lib/thumb/v7-m/nofp\libc_nano.a(lib_a-nano-svfprintf.o)
                0x0000000008003884                _svfiprintf_r
                0x0000000008003884                _svfprintf_r
 .text._printf_common
                0x0000000008003a84       0xde e:/stm32/stm32cubeide_1.7.0/stm32cubeide/plugins/com.st.stm32cube.ide.mcu.externaltools.gnu-tools-for-stm32.9-2020-q2-update.win32_2.0.0.202105311346/tools/bin/../lib/gcc/arm-none-eabi/9.3.1/../../../../arm-none-eabi/lib/thumb/v7-m/nofp\libc_nano.a(lib_a-nano-vfprintf_i.o)
                0x0000000008003a84                _printf_common
 *fill*         0x0000000008003b62        0x2 
 .text._printf_i
                0x0000000008003b64      0x24c e:/stm32/stm32cubeide_1.7.0/stm32cubeide/plugins/com.st.stm32cube.ide.mcu.externaltools.gnu-tools-for-stm32.9-2020-q2-update.win32_2.0.0.202105311346/tools/bin/../lib/gcc/arm-none-eabi/9.3.1/../../../../arm-none-eabi/lib/thumb/v7-m/nofp\libc_nano.a(lib_a-nano-vfprintf_i.o)
                0x0000000008003b64                _printf_i
 .text.memchr   0x0000000008003db0       0x1c e:/stm32/stm32cubeide_1.7.0/stm32cubeide/plugins/com.st.stm32cube.ide.mcu.externaltools.gnu-tools-for-stm32.9-2020-q2-update.win32_2.0.0.202105311346/tools/bin/../lib/gcc/arm-none-eabi/9.3.1/../../../../arm-none-eabi/lib/thumb/v7-m/nofp\libc_nano.a(lib_a-memchr-stub.o)
                0x0000000008003db0                memchr
 .text.memcpy   0x0000000008003dcc       0x1c e:/stm32/stm32cubeide_1.7.0/stm32cubeide/plugins/com.st.stm32cube.ide.mcu.externaltools.gnu-tools-for-stm32.9-2020-q2-update.win32_2.0.0.202105311346/tools/bin/../lib/gcc/arm-none-eabi/9.3.1/../../../../arm-none-eabi/lib/thumb/v7-m/nofp\libc_nano.a(lib_a-memcpy-stub.o)
                0x0000000008003dcc                memcpy
 .text.memmove  0x0000000008003de8       0x34 e:/stm32/stm32cubeide_1.7.0/stm32cubeide/plugins/com.st.stm32cube.ide.mcu.externaltools.gnu-tools-for-stm32.9-2020-q2-update.win32_2.0.0.202105311346/tools/bin/../lib/gcc/arm-none-eabi/9.3.1/../../../../arm-none-eabi/lib/thumb/v7-m/nofp\libc_nano.a(lib_a-memmove.o)
                0x0000000008003de8                memmove
 .text._free_r  0x0000000008003e1c       0x98 e:/stm32/stm32cubeide_1.7.0/stm32cubeide/plugins/com.st.stm32cube.ide.mcu.externaltools.gnu-tools-for-stm32.9-2020-q2-update.win32_2.0.0.202105311346/tools/bin/../lib/gcc/arm-none-eabi/9.3.1/../../../../arm-none-eabi/lib/thumb/v7-m/nofp\libc_nano.a(lib_a-nano-freer.o)
                0x0000000008003e1c                _free_r
 .text._malloc_r
                0x0000000008003eb4       0xb4 e:/stm32/stm32cubeide_1.7.0/stm32cubeide/plugins/com.st.stm32cube.ide.mcu.externaltools.gnu-tools-for-stm32.9-2020-q2-update.win32_2.0.0.202105311346/tools/bin/../lib/gcc/arm-none-eabi/9.3.1/../../../../arm-none-eabi/lib/thumb/v7-m/nofp\libc_nano.a(lib_a-nano-mallocr.o)
                0x0000000008003eb4                _malloc_r
 .text._realloc_r
                0x0000000008003f68       0x4c e:/stm32/stm32cubeide_1.7.0/stm32cubeide/plugins/com.st.stm32cube.ide.mcu.externaltools.gnu-tools-for-stm32.9-2020-q2-update.win32_2.0.0.202105311346/tools/bin/../lib/gcc/arm-none-eabi/9.3.1/../../../../arm-none-eabi/lib/thumb/v7-m/nofp\libc_nano.a(lib_a-nano-reallocr.o)
                0x0000000008003f68                _realloc_r
 .text._sbrk_r  0x0000000008003fb4       0x20 e:/stm32/stm32cubeide_1.7.0/stm32cubeide/plugins/com.st.stm32cube.ide.mcu.externaltools.gnu-tools-for-stm32.9-2020-q2-update.win32_2.0.0.202105311346/tools/bin/../lib/gcc/arm-none-eabi/9.3.1/../../../../arm-none-eabi/lib/thumb/v7-m/nofp\libc_nano.a(lib_a-sbrkr.o)
                0x0000000008003fb4                _sbrk_r
 .text.__malloc_lock
                0x0000000008003fd4        0xc e:/stm32/stm32cubeide_1.7.0/stm32cubeide/plugins/com.st.stm32cube.ide.mcu.externaltools.gnu-tools-for-stm32.9-2020-q2-update.win32_2.0.0.202105311346/tools/bin/../lib/gcc/arm-none-eabi/9.3.1/../../../../arm-none-eabi/lib/thumb/v7-m/nofp\libc_nano.a(lib_a-mlock.o)
                0x0000000008003fd4                __malloc_lock
 .text.__malloc_unlock
                0x0000000008003fe0        0xc e:/stm32/stm32cubeide_1.7.0/stm32cubeide/plugins/com.st.stm32cube.ide.mcu.externaltools.gnu-tools-for-stm32.9-2020-q2-update.win32_2.0.0.202105311346/tools/bin/../lib/gcc/arm-none-eabi/9.3.1/../../../../arm-none-eabi/lib/thumb/v7-m/nofp\libc_nano.a(lib_a-mlock.o)
                0x0000000008003fe0                __malloc_unlock
 .text._malloc_usable_size_r
                0x0000000008003fec       0x10 e:/stm32/stm32cubeide_1.7.0/stm32cubeide/plugins/com.st.stm32cube.ide.mcu.externaltools.gnu-tools-for-stm32.9-2020-q2-update.win32_2.0.0.202105311346/tools/bin/../lib/gcc/arm-none-eabi/9.3.1/../../../../arm-none-eabi/lib/thumb/v7-m/nofp\libc_nano.a(lib_a-nano-msizer.o)
                0x0000000008003fec                _malloc_usable_size_r
 .text.__retarget_lock_acquire_recursive
                0x0000000008003ffc        0x2 e:/stm32/stm32cubeide_1.7.0/stm32cubeide/plugins/com.st.stm32cube.ide.mcu.externaltools.gnu-tools-for-stm32.9-2020-q2-update.win32_2.0.0.202105311346/tools/bin/../lib/gcc/arm-none-eabi/9.3.1/../../../../arm-none-eabi/lib/thumb/v7-m/nofp\libc_nano.a(lib_a-lock.o)
                0x0000000008003ffc                __retarget_lock_acquire_recursive
 .text.__retarget_lock_release_recursive
                0x0000000008003ffe        0x2 e:/stm32/stm32cubeide_1.7.0/stm32cubeide/plugins/com.st.stm32cube.ide.mcu.externaltools.gnu-tools-for-stm32.9-2020-q2-update.win32_2.0.0.202105311346/tools/bin/../lib/gcc/arm-none-eabi/9.3.1/../../../../arm-none-eabi/lib/thumb/v7-m/nofp\libc_nano.a(lib_a-lock.o)
                0x0000000008003ffe                __retarget_lock_release_recursive
 *(.glue_7)
 .glue_7        0x0000000008004000        0x0 linker stubs
 *(.glue_7t)
 .glue_7t       0x0000000008004000        0x0 linker stubs
 *(.eh_frame)
 .eh_frame      0x0000000008004000        0x0 e:/stm32/stm32cubeide_1.7.0/stm32cubeide/plugins/com.st.stm32cube.ide.mcu.externaltools.gnu-tools-for-stm32.9-2020-q2-update.win32_2.0.0.202105311346/tools/bin/../lib/gcc/arm-none-eabi/9.3.1/thumb/v7-m/nofp/crtbegin.o
 *(.init)
 .init          0x0000000008004000        0x4 e:/stm32/stm32cubeide_1.7.0/stm32cubeide/plugins/com.st.stm32cube.ide.mcu.externaltools.gnu-tools-for-stm32.9-2020-q2-update.win32_2.0.0.202105311346/tools/bin/../lib/gcc/arm-none-eabi/9.3.1/thumb/v7-m/nofp/crti.o
                0x0000000008004000                _init
 .init          0x0000000008004004        0x8 e:/stm32/stm32cubeide_1.7.0/stm32cubeide/plugins/com.st.stm32cube.ide.mcu.externaltools.gnu-tools-for-stm32.9-2020-q2-update.win32_2.0.0.202105311346/tools/bin/../lib/gcc/arm-none-eabi/9.3.1/thumb/v7-m/nofp/crtn.o
 *(.fini)
 .fini          0x000000000800400c        0x4 e:/stm32/stm32cubeide_1.7.0/stm32cubeide/plugins/com.st.stm32cube.ide.mcu.externaltools.gnu-tools-for-stm32.9-2020-q2-update.win32_2.0.0.202105311346/tools/bin/../lib/gcc/arm-none-eabi/9.3.1/thumb/v7-m/nofp/crti.o
                0x000000000800400c                _fini
 .fini          0x0000000008004010        0x8 e:/stm32/stm32cubeide_1.7.0/stm32cubeide/plugins/com.st.stm32cube.ide.mcu.externaltools.gnu-tools-for-stm32.9-2020-q2-update.win32_2.0.0.202105311346/tools/bin/../lib/gcc/arm-none-eabi/9.3.1/thumb/v7-m/nofp/crtn.o
                0x0000000008004018                . = ALIGN (0x4)
                0x0000000008004018                _etext = .

.vfp11_veneer   0x0000000008004018        0x0
 .vfp11_veneer  0x0000000008004018        0x0 linker stubs

.v4_bx          0x0000000008004018        0x0
 .v4_bx         0x0000000008004018        0x0 linker stubs

.iplt           0x0000000008004018        0x0
 .iplt          0x0000000008004018        0x0 e:/stm32/stm32cubeide_1.7.0/stm32cubeide/plugins/com.st.stm32cube.ide.mcu.externaltools.gnu-tools-for-stm32.9-2020-q2-update.win32_2.0.0.202105311346/tools/bin/../lib/gcc/arm-none-eabi/9.3.1/thumb/v7-m/nofp/crtbegin.o

.rodata         0x0000000008004018       0xc0
                0x0000000008004018                . = ALIGN (0x4)
 *(.rodata)
 .rodata        0x0000000008004018       0x1b ./Core/Src/DHT20_Handle.o
 *fill*         0x0000000008004033        0x1 
 .rodata        0x0000000008004034       0x47 ./Core/Src/main.o
 *fill*         0x000000000800407b        0x1 
 .rodata        0x000000000800407c       0x10 ./Drivers/STM32F1xx_HAL_Driver/Src/stm32f1xx_hal_rcc.o
 *(.rodata*)
 .rodata.AHBPrescTable
                0x000000000800408c       0x10 ./Core/Src/system_stm32f1xx.o
                0x000000000800408c                AHBPrescTable
 .rodata.APBPrescTable
                0x000000000800409c        0x8 ./Core/Src/system_stm32f1xx.o
                0x000000000800409c                APBPrescTable
 .rodata._svfprintf_r.str1.1
                0x00000000080040a4       0x11 e:/stm32/stm32cubeide_1.7.0/stm32cubeide/plugins/com.st.stm32cube.ide.mcu.externaltools.gnu-tools-for-stm32.9-2020-q2-update.win32_2.0.0.202105311346/tools/bin/../lib/gcc/arm-none-eabi/9.3.1/../../../../arm-none-eabi/lib/thumb/v7-m/nofp\libc_nano.a(lib_a-nano-svfprintf.o)
 .rodata._printf_i.str1.1
                0x00000000080040b5       0x22 e:/stm32/stm32cubeide_1.7.0/stm32cubeide/plugins/com.st.stm32cube.ide.mcu.externaltools.gnu-tools-for-stm32.9-2020-q2-update.win32_2.0.0.202105311346/tools/bin/../lib/gcc/arm-none-eabi/9.3.1/../../../../arm-none-eabi/lib/thumb/v7-m/nofp\libc_nano.a(lib_a-nano-vfprintf_i.o)
                0x00000000080040d8                . = ALIGN (0x4)
 *fill*         0x00000000080040d7        0x1 

.rel.dyn        0x00000000080040d8        0x0
 .rel.iplt      0x00000000080040d8        0x0 e:/stm32/stm32cubeide_1.7.0/stm32cubeide/plugins/com.st.stm32cube.ide.mcu.externaltools.gnu-tools-for-stm32.9-2020-q2-update.win32_2.0.0.202105311346/tools/bin/../lib/gcc/arm-none-eabi/9.3.1/thumb/v7-m/nofp/crtbegin.o

.ARM.extab      0x00000000080040d8        0x0
                0x00000000080040d8                . = ALIGN (0x4)
 *(.ARM.extab* .gnu.linkonce.armextab.*)
                0x00000000080040d8                . = ALIGN (0x4)

.ARM            0x00000000080040d8        0x0
                0x00000000080040d8                . = ALIGN (0x4)
                0x00000000080040d8                __exidx_start = .
 *(.ARM.exidx*)
                0x00000000080040d8                __exidx_end = .
                0x00000000080040d8                . = ALIGN (0x4)

.preinit_array  0x00000000080040d8        0x0
                0x00000000080040d8                . = ALIGN (0x4)
                0x00000000080040d8                PROVIDE (__preinit_array_start = .)
 *(.preinit_array*)
                0x00000000080040d8                PROVIDE (__preinit_array_end = .)
                0x00000000080040d8                . = ALIGN (0x4)

.init_array     0x00000000080040d8        0x4
                0x00000000080040d8                . = ALIGN (0x4)
                0x00000000080040d8                PROVIDE (__init_array_start = .)
 *(SORT_BY_NAME(.init_array.*))
 *(.init_array*)
 .init_array    0x00000000080040d8        0x4 e:/stm32/stm32cubeide_1.7.0/stm32cubeide/plugins/com.st.stm32cube.ide.mcu.externaltools.gnu-tools-for-stm32.9-2020-q2-update.win32_2.0.0.202105311346/tools/bin/../lib/gcc/arm-none-eabi/9.3.1/thumb/v7-m/nofp/crtbegin.o
                0x00000000080040dc                PROVIDE (__init_array_end = .)
                0x00000000080040dc                . = ALIGN (0x4)

.fini_array     0x00000000080040dc        0x4
                0x00000000080040dc                . = ALIGN (0x4)
                [!provide]                        PROVIDE (__fini_array_start = .)
 *(SORT_BY_NAME(.fini_array.*))
 *(.fini_array*)
 .fini_array    0x00000000080040dc        0x4 e:/stm32/stm32cubeide_1.7.0/stm32cubeide/plugins/com.st.stm32cube.ide.mcu.externaltools.gnu-tools-for-stm32.9-2020-q2-update.win32_2.0.0.202105311346/tools/bin/../lib/gcc/arm-none-eabi/9.3.1/thumb/v7-m/nofp/crtbegin.o
                [!provide]                        PROVIDE (__fini_array_end = .)
                0x00000000080040e0                . = ALIGN (0x4)
                0x00000000080040e0                _sidata = LOADADDR (.data)

.data           0x0000000020000000       0x8c load address 0x00000000080040e0
                0x0000000020000000                . = ALIGN (0x4)
                0x0000000020000000                _sdata = .
 *(.data)
 *(.data*)
 .data.t        0x0000000020000000        0x4 ./Core/Src/DHT20_Handle.o
                0x0000000020000000                t
 .data.h        0x0000000020000004        0x4 ./Core/Src/DHT20_Handle.o
                0x0000000020000004                h
 .data.l        0x0000000020000008        0x4 ./Core/Src/DHT20_Handle.o
                0x0000000020000008                l
 .data.ack_message
                0x000000002000000c        0x6 ./Core/Src/com_receive.o
                0x000000002000000c                ack_message
 *fill*         0x0000000020000012        0x2 
 .data.req_message
                0x0000000020000014        0x6 ./Core/Src/com_receive.o
                0x0000000020000014                req_message
 *fill*         0x000000002000001a        0x2 
 .data.SystemCoreClock
                0x000000002000001c        0x4 ./Core/Src/system_stm32f1xx.o
                0x000000002000001c                SystemCoreClock
 .data.uwTickPrio
                0x0000000020000020        0x4 ./Drivers/STM32F1xx_HAL_Driver/Src/stm32f1xx_hal.o
                0x0000000020000020                uwTickPrio
 .data.uwTickFreq
                0x0000000020000024        0x1 ./Drivers/STM32F1xx_HAL_Driver/Src/stm32f1xx_hal.o
                0x0000000020000024                uwTickFreq
 *fill*         0x0000000020000025        0x3 
 .data._impure_ptr
                0x0000000020000028        0x4 e:/stm32/stm32cubeide_1.7.0/stm32cubeide/plugins/com.st.stm32cube.ide.mcu.externaltools.gnu-tools-for-stm32.9-2020-q2-update.win32_2.0.0.202105311346/tools/bin/../lib/gcc/arm-none-eabi/9.3.1/../../../../arm-none-eabi/lib/thumb/v7-m/nofp\libc_nano.a(lib_a-impure.o)
                0x0000000020000028                _impure_ptr
 .data.impure_data
                0x000000002000002c       0x60 e:/stm32/stm32cubeide_1.7.0/stm32cubeide/plugins/com.st.stm32cube.ide.mcu.externaltools.gnu-tools-for-stm32.9-2020-q2-update.win32_2.0.0.202105311346/tools/bin/../lib/gcc/arm-none-eabi/9.3.1/../../../../arm-none-eabi/lib/thumb/v7-m/nofp\libc_nano.a(lib_a-impure.o)
 *(.RamFunc)
 *(.RamFunc*)
                0x000000002000008c                . = ALIGN (0x4)
                0x000000002000008c                _edata = .

.igot.plt       0x000000002000008c        0x0 load address 0x000000000800416c
 .igot.plt      0x000000002000008c        0x0 e:/stm32/stm32cubeide_1.7.0/stm32cubeide/plugins/com.st.stm32cube.ide.mcu.externaltools.gnu-tools-for-stm32.9-2020-q2-update.win32_2.0.0.202105311346/tools/bin/../lib/gcc/arm-none-eabi/9.3.1/thumb/v7-m/nofp/crtbegin.o
                0x000000002000008c                . = ALIGN (0x4)

.bss            0x000000002000008c      0x5ac load address 0x000000000800416c
                0x000000002000008c                _sbss = .
                0x000000002000008c                __bss_start__ = _sbss
 *(.bss)
 .bss           0x000000002000008c       0x1c e:/stm32/stm32cubeide_1.7.0/stm32cubeide/plugins/com.st.stm32cube.ide.mcu.externaltools.gnu-tools-for-stm32.9-2020-q2-update.win32_2.0.0.202105311346/tools/bin/../lib/gcc/arm-none-eabi/9.3.1/thumb/v7-m/nofp/crtbegin.o
 *(.bss*)
 .bss.current_index_array
                0x00000000200000a8        0x4 ./Core/Src/DHT20_Handle.o
                0x00000000200000a8                current_index_array
 .bss.current_ID
                0x00000000200000ac        0x4 ./Core/Src/DHT20_Handle.o
                0x00000000200000ac                current_ID
 .bss.cmd_type  0x00000000200000b0        0x4 ./Core/Src/com_receive.o
                0x00000000200000b0                cmd_type
 .bss.comm_status
                0x00000000200000b4        0x4 ./Core/Src/comm_fsm.o
                0x00000000200000b4                comm_status
 .bss.temp      0x00000000200000b8        0x1 ./Core/Src/main.o
                0x00000000200000b8                temp
 .bss.index_buffer
                0x00000000200000b9        0x1 ./Core/Src/main.o
                0x00000000200000b9                index_buffer
 .bss.current_index_task
                0x00000000200000ba        0x1 ./Core/Src/scheduler.o
                0x00000000200000ba                current_index_task
 *fill*         0x00000000200000bb        0x1 
 .bss.__sbrk_heap_end
                0x00000000200000bc        0x4 ./Core/Src/sysmem.o
 .bss.timer0_flag
                0x00000000200000c0        0x4 ./Core/Src/timer.o
                0x00000000200000c0                timer0_flag
 .bss.timer0_counter
                0x00000000200000c4        0x4 ./Core/Src/timer.o
                0x00000000200000c4                timer0_counter
 .bss.__malloc_free_list
                0x00000000200000c8        0x4 e:/stm32/stm32cubeide_1.7.0/stm32cubeide/plugins/com.st.stm32cube.ide.mcu.externaltools.gnu-tools-for-stm32.9-2020-q2-update.win32_2.0.0.202105311346/tools/bin/../lib/gcc/arm-none-eabi/9.3.1/../../../../arm-none-eabi/lib/thumb/v7-m/nofp\libc_nano.a(lib_a-nano-mallocr.o)
                0x00000000200000c8                __malloc_free_list
 .bss.__malloc_sbrk_start
                0x00000000200000cc        0x4 e:/stm32/stm32cubeide_1.7.0/stm32cubeide/plugins/com.st.stm32cube.ide.mcu.externaltools.gnu-tools-for-stm32.9-2020-q2-update.win32_2.0.0.202105311346/tools/bin/../lib/gcc/arm-none-eabi/9.3.1/../../../../arm-none-eabi/lib/thumb/v7-m/nofp\libc_nano.a(lib_a-nano-mallocr.o)
                0x00000000200000cc                __malloc_sbrk_start
 *(COMMON)
 COMMON         0x00000000200000d0      0x140 ./Core/Src/DHT20_Handle.o
                0x00000000200000d0                data_array
 COMMON         0x0000000020000210       0xf4 ./Core/Src/main.o
                0x0000000020000210                htim3
                0x0000000020000258                buffer
                0x0000000020000278                htim2
                0x00000000200002c0                huart2
 COMMON         0x0000000020000304      0x320 ./Core/Src/scheduler.o
                0x0000000020000304                SCH_tasks_G
 COMMON         0x0000000020000624        0x4 ./Drivers/STM32F1xx_HAL_Driver/Src/stm32f1xx_hal.o
                0x0000000020000624                uwTick
 COMMON         0x0000000020000628        0x4 e:/stm32/stm32cubeide_1.7.0/stm32cubeide/plugins/com.st.stm32cube.ide.mcu.externaltools.gnu-tools-for-stm32.9-2020-q2-update.win32_2.0.0.202105311346/tools/bin/../lib/gcc/arm-none-eabi/9.3.1/../../../../arm-none-eabi/lib/thumb/v7-m/nofp\libc_nano.a(lib_a-reent.o)
                0x0000000020000628                errno
 COMMON         0x000000002000062c        0x9 e:/stm32/stm32cubeide_1.7.0/stm32cubeide/plugins/com.st.stm32cube.ide.mcu.externaltools.gnu-tools-for-stm32.9-2020-q2-update.win32_2.0.0.202105311346/tools/bin/../lib/gcc/arm-none-eabi/9.3.1/../../../../arm-none-eabi/lib/thumb/v7-m/nofp\libc_nano.a(lib_a-lock.o)
                0x000000002000062c                __lock___atexit_recursive_mutex
                0x000000002000062d                __lock___arc4random_mutex
                0x000000002000062e                __lock___env_recursive_mutex
                0x000000002000062f                __lock___sinit_recursive_mutex
                0x0000000020000630                __lock___malloc_recursive_mutex
                0x0000000020000631                __lock___at_quick_exit_mutex
                0x0000000020000632                __lock___dd_hash_mutex
                0x0000000020000633                __lock___tz_mutex
                0x0000000020000634                __lock___sfp_recursive_mutex
                0x0000000020000638                . = ALIGN (0x4)
 *fill*         0x0000000020000635        0x3 
                0x0000000020000638                _ebss = .
                0x0000000020000638                __bss_end__ = _ebss

._user_heap_stack
                0x0000000020000638      0x600 load address 0x000000000800416c
                0x0000000020000638                . = ALIGN (0x8)
                [!provide]                        PROVIDE (end = .)
                0x0000000020000638                PROVIDE (_end = .)
                0x0000000020000838                . = (. + _Min_Heap_Size)
 *fill*         0x0000000020000638      0x200 
                0x0000000020000c38                . = (. + _Min_Stack_Size)
 *fill*         0x0000000020000838      0x400 
                0x0000000020000c38                . = ALIGN (0x8)

/DISCARD/
 libc.a(*)
 libm.a(*)
 libgcc.a(*)

.ARM.attributes
                0x0000000000000000       0x29
 *(.ARM.attributes)
 .ARM.attributes
                0x0000000000000000       0x1d e:/stm32/stm32cubeide_1.7.0/stm32cubeide/plugins/com.st.stm32cube.ide.mcu.externaltools.gnu-tools-for-stm32.9-2020-q2-update.win32_2.0.0.202105311346/tools/bin/../lib/gcc/arm-none-eabi/9.3.1/thumb/v7-m/nofp/crti.o
 .ARM.attributes
                0x000000000000001d       0x2d e:/stm32/stm32cubeide_1.7.0/stm32cubeide/plugins/com.st.stm32cube.ide.mcu.externaltools.gnu-tools-for-stm32.9-2020-q2-update.win32_2.0.0.202105311346/tools/bin/../lib/gcc/arm-none-eabi/9.3.1/thumb/v7-m/nofp/crtbegin.o
 .ARM.attributes
                0x000000000000004a       0x2d ./Core/Src/DHT20_Handle.o
 .ARM.attributes
                0x0000000000000077       0x2d ./Core/Src/com_receive.o
 .ARM.attributes
                0x00000000000000a4       0x2d ./Core/Src/comm_fsm.o
 .ARM.attributes
                0x00000000000000d1       0x2d ./Core/Src/main.o
 .ARM.attributes
                0x00000000000000fe       0x2d ./Core/Src/scheduler.o
 .ARM.attributes
                0x000000000000012b       0x2d ./Core/Src/stm32f1xx_hal_msp.o
 .ARM.attributes
                0x0000000000000158       0x2d ./Core/Src/stm32f1xx_it.o
 .ARM.attributes
                0x0000000000000185       0x2d ./Core/Src/sysmem.o
 .ARM.attributes
                0x00000000000001b2       0x2d ./Core/Src/system_stm32f1xx.o
 .ARM.attributes
                0x00000000000001df       0x2d ./Core/Src/timer.o
 .ARM.attributes
                0x000000000000020c       0x21 ./Core/Startup/startup_stm32f103rbtx.o
 .ARM.attributes
                0x000000000000022d       0x2d ./Drivers/STM32F1xx_HAL_Driver/Src/stm32f1xx_hal.o
 .ARM.attributes
                0x000000000000025a       0x2d ./Drivers/STM32F1xx_HAL_Driver/Src/stm32f1xx_hal_cortex.o
 .ARM.attributes
                0x0000000000000287       0x2d ./Drivers/STM32F1xx_HAL_Driver/Src/stm32f1xx_hal_dma.o
 .ARM.attributes
                0x00000000000002b4       0x2d ./Drivers/STM32F1xx_HAL_Driver/Src/stm32f1xx_hal_gpio.o
 .ARM.attributes
                0x00000000000002e1       0x2d ./Drivers/STM32F1xx_HAL_Driver/Src/stm32f1xx_hal_rcc.o
 .ARM.attributes
                0x000000000000030e       0x2d ./Drivers/STM32F1xx_HAL_Driver/Src/stm32f1xx_hal_tim.o
 .ARM.attributes
                0x000000000000033b       0x2d ./Drivers/STM32F1xx_HAL_Driver/Src/stm32f1xx_hal_tim_ex.o
 .ARM.attributes
                0x0000000000000368       0x2d ./Drivers/STM32F1xx_HAL_Driver/Src/stm32f1xx_hal_uart.o
 .ARM.attributes
                0x0000000000000395       0x2d e:/stm32/stm32cubeide_1.7.0/stm32cubeide/plugins/com.st.stm32cube.ide.mcu.externaltools.gnu-tools-for-stm32.9-2020-q2-update.win32_2.0.0.202105311346/tools/bin/../lib/gcc/arm-none-eabi/9.3.1/../../../../arm-none-eabi/lib/thumb/v7-m/nofp\libc_nano.a(lib_a-errno.o)
 .ARM.attributes
                0x00000000000003c2       0x2d e:/stm32/stm32cubeide_1.7.0/stm32cubeide/plugins/com.st.stm32cube.ide.mcu.externaltools.gnu-tools-for-stm32.9-2020-q2-update.win32_2.0.0.202105311346/tools/bin/../lib/gcc/arm-none-eabi/9.3.1/../../../../arm-none-eabi/lib/thumb/v7-m/nofp\libc_nano.a(lib_a-impure.o)
 .ARM.attributes
                0x00000000000003ef       0x2d e:/stm32/stm32cubeide_1.7.0/stm32cubeide/plugins/com.st.stm32cube.ide.mcu.externaltools.gnu-tools-for-stm32.9-2020-q2-update.win32_2.0.0.202105311346/tools/bin/../lib/gcc/arm-none-eabi/9.3.1/../../../../arm-none-eabi/lib/thumb/v7-m/nofp\libc_nano.a(lib_a-init.o)
 .ARM.attributes
                0x000000000000041c       0x2d e:/stm32/stm32cubeide_1.7.0/stm32cubeide/plugins/com.st.stm32cube.ide.mcu.externaltools.gnu-tools-for-stm32.9-2020-q2-update.win32_2.0.0.202105311346/tools/bin/../lib/gcc/arm-none-eabi/9.3.1/../../../../arm-none-eabi/lib/thumb/v7-m/nofp\libc_nano.a(lib_a-memset.o)
 .ARM.attributes
                0x0000000000000449       0x2d e:/stm32/stm32cubeide_1.7.0/stm32cubeide/plugins/com.st.stm32cube.ide.mcu.externaltools.gnu-tools-for-stm32.9-2020-q2-update.win32_2.0.0.202105311346/tools/bin/../lib/gcc/arm-none-eabi/9.3.1/../../../../arm-none-eabi/lib/thumb/v7-m/nofp\libc_nano.a(lib_a-sprintf.o)
 .ARM.attributes
                0x0000000000000476       0x1b e:/stm32/stm32cubeide_1.7.0/stm32cubeide/plugins/com.st.stm32cube.ide.mcu.externaltools.gnu-tools-for-stm32.9-2020-q2-update.win32_2.0.0.202105311346/tools/bin/../lib/gcc/arm-none-eabi/9.3.1/../../../../arm-none-eabi/lib/thumb/v7-m/nofp\libc_nano.a(lib_a-strcmp.o)
 .ARM.attributes
                0x0000000000000491       0x2d e:/stm32/stm32cubeide_1.7.0/stm32cubeide/plugins/com.st.stm32cube.ide.mcu.externaltools.gnu-tools-for-stm32.9-2020-q2-update.win32_2.0.0.202105311346/tools/bin/../lib/gcc/arm-none-eabi/9.3.1/../../../../arm-none-eabi/lib/thumb/v7-m/nofp\libc_nano.a(lib_a-nano-svfprintf.o)
 .ARM.attributes
                0x00000000000004be       0x2d e:/stm32/stm32cubeide_1.7.0/stm32cubeide/plugins/com.st.stm32cube.ide.mcu.externaltools.gnu-tools-for-stm32.9-2020-q2-update.win32_2.0.0.202105311346/tools/bin/../lib/gcc/arm-none-eabi/9.3.1/../../../../arm-none-eabi/lib/thumb/v7-m/nofp\libc_nano.a(lib_a-nano-vfprintf_i.o)
 .ARM.attributes
                0x00000000000004eb       0x2d e:/stm32/stm32cubeide_1.7.0/stm32cubeide/plugins/com.st.stm32cube.ide.mcu.externaltools.gnu-tools-for-stm32.9-2020-q2-update.win32_2.0.0.202105311346/tools/bin/../lib/gcc/arm-none-eabi/9.3.1/../../../../arm-none-eabi/lib/thumb/v7-m/nofp\libc_nano.a(lib_a-memchr-stub.o)
 .ARM.attributes
                0x0000000000000518       0x2d e:/stm32/stm32cubeide_1.7.0/stm32cubeide/plugins/com.st.stm32cube.ide.mcu.externaltools.gnu-tools-for-stm32.9-2020-q2-update.win32_2.0.0.202105311346/tools/bin/../lib/gcc/arm-none-eabi/9.3.1/../../../../arm-none-eabi/lib/thumb/v7-m/nofp\libc_nano.a(lib_a-memcpy-stub.o)
 .ARM.attributes
                0x0000000000000545       0x2d e:/stm32/stm32cubeide_1.7.0/stm32cubeide/plugins/com.st.stm32cube.ide.mcu.externaltools.gnu-tools-for-stm32.9-2020-q2-update.win32_2.0.0.202105311346/tools/bin/../lib/gcc/arm-none-eabi/9.3.1/../../../../arm-none-eabi/lib/thumb/v7-m/nofp\libc_nano.a(lib_a-memmove.o)
 .ARM.attributes
                0x0000000000000572       0x2d e:/stm32/stm32cubeide_1.7.0/stm32cubeide/plugins/com.st.stm32cube.ide.mcu.externaltools.gnu-tools-for-stm32.9-2020-q2-update.win32_2.0.0.202105311346/tools/bin/../lib/gcc/arm-none-eabi/9.3.1/../../../../arm-none-eabi/lib/thumb/v7-m/nofp\libc_nano.a(lib_a-nano-freer.o)
 .ARM.attributes
                0x000000000000059f       0x2d e:/stm32/stm32cubeide_1.7.0/stm32cubeide/plugins/com.st.stm32cube.ide.mcu.externaltools.gnu-tools-for-stm32.9-2020-q2-update.win32_2.0.0.202105311346/tools/bin/../lib/gcc/arm-none-eabi/9.3.1/../../../../arm-none-eabi/lib/thumb/v7-m/nofp\libc_nano.a(lib_a-nano-mallocr.o)
 .ARM.attributes
                0x00000000000005cc       0x2d e:/stm32/stm32cubeide_1.7.0/stm32cubeide/plugins/com.st.stm32cube.ide.mcu.externaltools.gnu-tools-for-stm32.9-2020-q2-update.win32_2.0.0.202105311346/tools/bin/../lib/gcc/arm-none-eabi/9.3.1/../../../../arm-none-eabi/lib/thumb/v7-m/nofp\libc_nano.a(lib_a-nano-reallocr.o)
 .ARM.attributes
                0x00000000000005f9       0x2d e:/stm32/stm32cubeide_1.7.0/stm32cubeide/plugins/com.st.stm32cube.ide.mcu.externaltools.gnu-tools-for-stm32.9-2020-q2-update.win32_2.0.0.202105311346/tools/bin/../lib/gcc/arm-none-eabi/9.3.1/../../../../arm-none-eabi/lib/thumb/v7-m/nofp\libc_nano.a(lib_a-sbrkr.o)
 .ARM.attributes
                0x0000000000000626       0x2d e:/stm32/stm32cubeide_1.7.0/stm32cubeide/plugins/com.st.stm32cube.ide.mcu.externaltools.gnu-tools-for-stm32.9-2020-q2-update.win32_2.0.0.202105311346/tools/bin/../lib/gcc/arm-none-eabi/9.3.1/../../../../arm-none-eabi/lib/thumb/v7-m/nofp\libc_nano.a(lib_a-mlock.o)
 .ARM.attributes
                0x0000000000000653       0x2d e:/stm32/stm32cubeide_1.7.0/stm32cubeide/plugins/com.st.stm32cube.ide.mcu.externaltools.gnu-tools-for-stm32.9-2020-q2-update.win32_2.0.0.202105311346/tools/bin/../lib/gcc/arm-none-eabi/9.3.1/../../../../arm-none-eabi/lib/thumb/v7-m/nofp\libc_nano.a(lib_a-nano-msizer.o)
 .ARM.attributes
                0x0000000000000680       0x2d e:/stm32/stm32cubeide_1.7.0/stm32cubeide/plugins/com.st.stm32cube.ide.mcu.externaltools.gnu-tools-for-stm32.9-2020-q2-update.win32_2.0.0.202105311346/tools/bin/../lib/gcc/arm-none-eabi/9.3.1/../../../../arm-none-eabi/lib/thumb/v7-m/nofp\libc_nano.a(lib_a-reent.o)
 .ARM.attributes
                0x00000000000006ad       0x2d e:/stm32/stm32cubeide_1.7.0/stm32cubeide/plugins/com.st.stm32cube.ide.mcu.externaltools.gnu-tools-for-stm32.9-2020-q2-update.win32_2.0.0.202105311346/tools/bin/../lib/gcc/arm-none-eabi/9.3.1/../../../../arm-none-eabi/lib/thumb/v7-m/nofp\libc_nano.a(lib_a-lock.o)
 .ARM.attributes
                0x00000000000006da       0x1d e:/stm32/stm32cubeide_1.7.0/stm32cubeide/plugins/com.st.stm32cube.ide.mcu.externaltools.gnu-tools-for-stm32.9-2020-q2-update.win32_2.0.0.202105311346/tools/bin/../lib/gcc/arm-none-eabi/9.3.1/thumb/v7-m/nofp/crtn.o
OUTPUT(ASSIGNMENT_FINAL.elf elf32-littlearm)
LOAD linker stubs
LOAD e:/stm32/stm32cubeide_1.7.0/stm32cubeide/plugins/com.st.stm32cube.ide.mcu.externaltools.gnu-tools-for-stm32.9-2020-q2-update.win32_2.0.0.202105311346/tools/bin/../lib/gcc/arm-none-eabi/9.3.1/../../../../arm-none-eabi/lib/thumb/v7-m/nofp\libc.a
LOAD e:/stm32/stm32cubeide_1.7.0/stm32cubeide/plugins/com.st.stm32cube.ide.mcu.externaltools.gnu-tools-for-stm32.9-2020-q2-update.win32_2.0.0.202105311346/tools/bin/../lib/gcc/arm-none-eabi/9.3.1/../../../../arm-none-eabi/lib/thumb/v7-m/nofp\libm.a
LOAD e:/stm32/stm32cubeide_1.7.0/stm32cubeide/plugins/com.st.stm32cube.ide.mcu.externaltools.gnu-tools-for-stm32.9-2020-q2-update.win32_2.0.0.202105311346/tools/bin/../lib/gcc/arm-none-eabi/9.3.1/thumb/v7-m/nofp\libgcc.a

.debug_info     0x0000000000000000     0xf12a
 .debug_info    0x0000000000000000      0xbc7 ./Core/Src/DHT20_Handle.o
 .debug_info    0x0000000000000bc7      0xb28 ./Core/Src/com_receive.o
 .debug_info    0x00000000000016ef      0xb91 ./Core/Src/comm_fsm.o
 .debug_info    0x0000000000002280     0x1a86 ./Core/Src/main.o
 .debug_info    0x0000000000003d06      0xc39 ./Core/Src/scheduler.o
 .debug_info    0x000000000000493f      0xe38 ./Core/Src/stm32f1xx_hal_msp.o
 .debug_info    0x0000000000005777      0xa22 ./Core/Src/stm32f1xx_it.o
 .debug_info    0x0000000000006199      0xa25 ./Core/Src/sysmem.o
 .debug_info    0x0000000000006bbe      0x2be ./Core/Src/system_stm32f1xx.o
 .debug_info    0x0000000000006e7c      0x265 ./Core/Src/timer.o
 .debug_info    0x00000000000070e1       0x22 ./Core/Startup/startup_stm32f103rbtx.o
 .debug_info    0x0000000000007103      0x76a ./Drivers/STM32F1xx_HAL_Driver/Src/stm32f1xx_hal.o
 .debug_info    0x000000000000786d      0xbdc ./Drivers/STM32F1xx_HAL_Driver/Src/stm32f1xx_hal_cortex.o
 .debug_info    0x0000000000008449      0x81e ./Drivers/STM32F1xx_HAL_Driver/Src/stm32f1xx_hal_dma.o
 .debug_info    0x0000000000008c67      0x701 ./Drivers/STM32F1xx_HAL_Driver/Src/stm32f1xx_hal_gpio.o
 .debug_info    0x0000000000009368      0x88e ./Drivers/STM32F1xx_HAL_Driver/Src/stm32f1xx_hal_rcc.o
 .debug_info    0x0000000000009bf6     0x2a45 ./Drivers/STM32F1xx_HAL_Driver/Src/stm32f1xx_hal_tim.o
 .debug_info    0x000000000000c63b     0x14d5 ./Drivers/STM32F1xx_HAL_Driver/Src/stm32f1xx_hal_tim_ex.o
 .debug_info    0x000000000000db10     0x161a ./Drivers/STM32F1xx_HAL_Driver/Src/stm32f1xx_hal_uart.o

.debug_abbrev   0x0000000000000000     0x25c0
 .debug_abbrev  0x0000000000000000      0x238 ./Core/Src/DHT20_Handle.o
 .debug_abbrev  0x0000000000000238      0x215 ./Core/Src/com_receive.o
 .debug_abbrev  0x000000000000044d      0x202 ./Core/Src/comm_fsm.o
 .debug_abbrev  0x000000000000064f      0x353 ./Core/Src/main.o
 .debug_abbrev  0x00000000000009a2      0x239 ./Core/Src/scheduler.o
 .debug_abbrev  0x0000000000000bdb      0x1c8 ./Core/Src/stm32f1xx_hal_msp.o
 .debug_abbrev  0x0000000000000da3      0x176 ./Core/Src/stm32f1xx_it.o
 .debug_abbrev  0x0000000000000f19      0x1bf ./Core/Src/sysmem.o
 .debug_abbrev  0x00000000000010d8      0x14e ./Core/Src/system_stm32f1xx.o
 .debug_abbrev  0x0000000000001226       0xb6 ./Core/Src/timer.o
 .debug_abbrev  0x00000000000012dc       0x12 ./Core/Startup/startup_stm32f103rbtx.o
 .debug_abbrev  0x00000000000012ee      0x1ed ./Drivers/STM32F1xx_HAL_Driver/Src/stm32f1xx_hal.o
 .debug_abbrev  0x00000000000014db      0x313 ./Drivers/STM32F1xx_HAL_Driver/Src/stm32f1xx_hal_cortex.o
 .debug_abbrev  0x00000000000017ee      0x228 ./Drivers/STM32F1xx_HAL_Driver/Src/stm32f1xx_hal_dma.o
 .debug_abbrev  0x0000000000001a16      0x1e8 ./Drivers/STM32F1xx_HAL_Driver/Src/stm32f1xx_hal_gpio.o
 .debug_abbrev  0x0000000000001bfe      0x273 ./Drivers/STM32F1xx_HAL_Driver/Src/stm32f1xx_hal_rcc.o
 .debug_abbrev  0x0000000000001e71      0x25e ./Drivers/STM32F1xx_HAL_Driver/Src/stm32f1xx_hal_tim.o
 .debug_abbrev  0x00000000000020cf      0x266 ./Drivers/STM32F1xx_HAL_Driver/Src/stm32f1xx_hal_tim_ex.o
 .debug_abbrev  0x0000000000002335      0x28b ./Drivers/STM32F1xx_HAL_Driver/Src/stm32f1xx_hal_uart.o

.debug_aranges  0x0000000000000000      0xd80
 .debug_aranges
                0x0000000000000000       0x30 ./Core/Src/DHT20_Handle.o
 .debug_aranges
                0x0000000000000030       0x28 ./Core/Src/com_receive.o
 .debug_aranges
                0x0000000000000058       0x28 ./Core/Src/comm_fsm.o
 .debug_aranges
                0x0000000000000080       0xa0 ./Core/Src/main.o
 .debug_aranges
                0x0000000000000120       0x40 ./Core/Src/scheduler.o
 .debug_aranges
                0x0000000000000160       0x48 ./Core/Src/stm32f1xx_hal_msp.o
 .debug_aranges
                0x00000000000001a8       0x70 ./Core/Src/stm32f1xx_it.o
 .debug_aranges
                0x0000000000000218       0x20 ./Core/Src/sysmem.o
 .debug_aranges
                0x0000000000000238       0x28 ./Core/Src/system_stm32f1xx.o
 .debug_aranges
                0x0000000000000260       0x78 ./Core/Src/timer.o
 .debug_aranges
                0x00000000000002d8       0x28 ./Core/Startup/startup_stm32f103rbtx.o
 .debug_aranges
                0x0000000000000300       0xe0 ./Drivers/STM32F1xx_HAL_Driver/Src/stm32f1xx_hal.o
 .debug_aranges
                0x00000000000003e0      0x100 ./Drivers/STM32F1xx_HAL_Driver/Src/stm32f1xx_hal_cortex.o
 .debug_aranges
                0x00000000000004e0       0x80 ./Drivers/STM32F1xx_HAL_Driver/Src/stm32f1xx_hal_dma.o
 .debug_aranges
                0x0000000000000560       0x58 ./Drivers/STM32F1xx_HAL_Driver/Src/stm32f1xx_hal_gpio.o
 .debug_aranges
                0x00000000000005b8       0x90 ./Drivers/STM32F1xx_HAL_Driver/Src/stm32f1xx_hal_rcc.o
 .debug_aranges
                0x0000000000000648      0x3d0 ./Drivers/STM32F1xx_HAL_Driver/Src/stm32f1xx_hal_tim.o
 .debug_aranges
                0x0000000000000a18      0x168 ./Drivers/STM32F1xx_HAL_Driver/Src/stm32f1xx_hal_tim_ex.o
 .debug_aranges
                0x0000000000000b80      0x200 ./Drivers/STM32F1xx_HAL_Driver/Src/stm32f1xx_hal_uart.o

.debug_ranges   0x0000000000000000      0xc88
 .debug_ranges  0x0000000000000000       0x20 ./Core/Src/DHT20_Handle.o
 .debug_ranges  0x0000000000000020       0x18 ./Core/Src/com_receive.o
 .debug_ranges  0x0000000000000038       0x18 ./Core/Src/comm_fsm.o
 .debug_ranges  0x0000000000000050       0x90 ./Core/Src/main.o
 .debug_ranges  0x00000000000000e0       0x30 ./Core/Src/scheduler.o
 .debug_ranges  0x0000000000000110       0x38 ./Core/Src/stm32f1xx_hal_msp.o
 .debug_ranges  0x0000000000000148       0x60 ./Core/Src/stm32f1xx_it.o
 .debug_ranges  0x00000000000001a8       0x10 ./Core/Src/sysmem.o
 .debug_ranges  0x00000000000001b8       0x18 ./Core/Src/system_stm32f1xx.o
 .debug_ranges  0x00000000000001d0       0x68 ./Core/Src/timer.o
 .debug_ranges  0x0000000000000238       0x20 ./Core/Startup/startup_stm32f103rbtx.o
 .debug_ranges  0x0000000000000258       0xd0 ./Drivers/STM32F1xx_HAL_Driver/Src/stm32f1xx_hal.o
 .debug_ranges  0x0000000000000328       0xf0 ./Drivers/STM32F1xx_HAL_Driver/Src/stm32f1xx_hal_cortex.o
 .debug_ranges  0x0000000000000418       0x70 ./Drivers/STM32F1xx_HAL_Driver/Src/stm32f1xx_hal_dma.o
 .debug_ranges  0x0000000000000488       0x48 ./Drivers/STM32F1xx_HAL_Driver/Src/stm32f1xx_hal_gpio.o
 .debug_ranges  0x00000000000004d0       0x80 ./Drivers/STM32F1xx_HAL_Driver/Src/stm32f1xx_hal_rcc.o
 .debug_ranges  0x0000000000000550      0x3c0 ./Drivers/STM32F1xx_HAL_Driver/Src/stm32f1xx_hal_tim.o
 .debug_ranges  0x0000000000000910      0x158 ./Drivers/STM32F1xx_HAL_Driver/Src/stm32f1xx_hal_tim_ex.o
 .debug_ranges  0x0000000000000a68      0x220 ./Drivers/STM32F1xx_HAL_Driver/Src/stm32f1xx_hal_uart.o

.debug_macro    0x0000000000000000    0x18eea
 .debug_macro   0x0000000000000000      0x321 ./Core/Src/DHT20_Handle.o
 .debug_macro   0x0000000000000321      0xa9c ./Core/Src/DHT20_Handle.o
 .debug_macro   0x0000000000000dbd       0x22 ./Core/Src/DHT20_Handle.o
 .debug_macro   0x0000000000000ddf       0x8e ./Core/Src/DHT20_Handle.o
 .debug_macro   0x0000000000000e6d       0x51 ./Core/Src/DHT20_Handle.o
 .debug_macro   0x0000000000000ebe      0x103 ./Core/Src/DHT20_Handle.o
 .debug_macro   0x0000000000000fc1       0x6a ./Core/Src/DHT20_Handle.o
 .debug_macro   0x000000000000102b      0x1df ./Core/Src/DHT20_Handle.o
 .debug_macro   0x000000000000120a       0x52 ./Core/Src/DHT20_Handle.o
 .debug_macro   0x000000000000125c       0x18 ./Core/Src/DHT20_Handle.o
 .debug_macro   0x0000000000001274       0x3c ./Core/Src/DHT20_Handle.o
 .debug_macro   0x00000000000012b0       0x34 ./Core/Src/DHT20_Handle.o
 .debug_macro   0x00000000000012e4       0x16 ./Core/Src/DHT20_Handle.o
 .debug_macro   0x00000000000012fa       0x97 ./Core/Src/DHT20_Handle.o
 .debug_macro   0x0000000000001391      0x339 ./Core/Src/DHT20_Handle.o
 .debug_macro   0x00000000000016ca       0xfd ./Core/Src/DHT20_Handle.o
 .debug_macro   0x00000000000017c7       0x10 ./Core/Src/DHT20_Handle.o
 .debug_macro   0x00000000000017d7       0x16 ./Core/Src/DHT20_Handle.o
 .debug_macro   0x00000000000017ed       0x43 ./Core/Src/DHT20_Handle.o
 .debug_macro   0x0000000000001830       0x34 ./Core/Src/DHT20_Handle.o
 .debug_macro   0x0000000000001864       0x10 ./Core/Src/DHT20_Handle.o
 .debug_macro   0x0000000000001874       0x58 ./Core/Src/DHT20_Handle.o
 .debug_macro   0x00000000000018cc       0x71 ./Core/Src/DHT20_Handle.o
 .debug_macro   0x000000000000193d       0x1c ./Core/Src/DHT20_Handle.o
 .debug_macro   0x0000000000001959      0x12a ./Core/Src/DHT20_Handle.o
 .debug_macro   0x0000000000001a83       0x10 ./Core/Src/DHT20_Handle.o
 .debug_macro   0x0000000000001a93       0x1c ./Core/Src/DHT20_Handle.o
 .debug_macro   0x0000000000001aaf       0x52 ./Core/Src/DHT20_Handle.o
 .debug_macro   0x0000000000001b01       0x22 ./Core/Src/DHT20_Handle.o
 .debug_macro   0x0000000000001b23       0x10 ./Core/Src/DHT20_Handle.o
 .debug_macro   0x0000000000001b33       0x40 ./Core/Src/DHT20_Handle.o
 .debug_macro   0x0000000000001b73       0xd5 ./Core/Src/DHT20_Handle.o
 .debug_macro   0x0000000000001c48       0x1c ./Core/Src/DHT20_Handle.o
 .debug_macro   0x0000000000001c64       0x3d ./Core/Src/DHT20_Handle.o
 .debug_macro   0x0000000000001ca1       0x16 ./Core/Src/DHT20_Handle.o
 .debug_macro   0x0000000000001cb7      0x145 ./Core/Src/DHT20_Handle.o
 .debug_macro   0x0000000000001dfc      0x21b ./Core/Src/DHT20_Handle.o
 .debug_macro   0x0000000000002017       0x2e ./Core/Src/DHT20_Handle.o
 .debug_macro   0x0000000000002045       0x22 ./Core/Src/DHT20_Handle.o
 .debug_macro   0x0000000000002067       0x1c ./Core/Src/DHT20_Handle.o
 .debug_macro   0x0000000000002083       0x22 ./Core/Src/DHT20_Handle.o
 .debug_macro   0x00000000000020a5       0xbd ./Core/Src/DHT20_Handle.o
 .debug_macro   0x0000000000002162      0xd23 ./Core/Src/DHT20_Handle.o
 .debug_macro   0x0000000000002e85     0xe09e ./Core/Src/DHT20_Handle.o
 .debug_macro   0x0000000000010f23       0x6d ./Core/Src/DHT20_Handle.o
 .debug_macro   0x0000000000010f90     0x3468 ./Core/Src/DHT20_Handle.o
 .debug_macro   0x00000000000143f8       0x56 ./Core/Src/DHT20_Handle.o
 .debug_macro   0x000000000001444e      0x5be ./Core/Src/DHT20_Handle.o
 .debug_macro   0x0000000000014a0c      0x289 ./Core/Src/DHT20_Handle.o
 .debug_macro   0x0000000000014c95      0x1cb ./Core/Src/DHT20_Handle.o
 .debug_macro   0x0000000000014e60      0x114 ./Core/Src/DHT20_Handle.o
 .debug_macro   0x0000000000014f74      0x1b2 ./Core/Src/DHT20_Handle.o
 .debug_macro   0x0000000000015126       0x27 ./Core/Src/DHT20_Handle.o
 .debug_macro   0x000000000001514d      0x136 ./Core/Src/DHT20_Handle.o
 .debug_macro   0x0000000000015283      0x1bc ./Core/Src/DHT20_Handle.o
 .debug_macro   0x000000000001543f       0x34 ./Core/Src/DHT20_Handle.o
 .debug_macro   0x0000000000015473       0x3c ./Core/Src/DHT20_Handle.o
 .debug_macro   0x00000000000154af       0x57 ./Core/Src/DHT20_Handle.o
 .debug_macro   0x0000000000015506       0x88 ./Core/Src/DHT20_Handle.o
 .debug_macro   0x000000000001558e      0x241 ./Core/Src/DHT20_Handle.o
 .debug_macro   0x00000000000157cf      0x141 ./Core/Src/DHT20_Handle.o
 .debug_macro   0x0000000000015910      0x8d1 ./Core/Src/DHT20_Handle.o
 .debug_macro   0x00000000000161e1      0x279 ./Core/Src/DHT20_Handle.o
 .debug_macro   0x000000000001645a       0x83 ./Core/Src/DHT20_Handle.o
 .debug_macro   0x00000000000164dd       0x88 ./Core/Src/DHT20_Handle.o
 .debug_macro   0x0000000000016565      0x28f ./Core/Src/com_receive.o
 .debug_macro   0x00000000000167f4       0xc3 ./Core/Src/com_receive.o
 .debug_macro   0x00000000000168b7      0x174 ./Core/Src/com_receive.o
 .debug_macro   0x0000000000016a2b       0x5c ./Core/Src/com_receive.o
 .debug_macro   0x0000000000016a87      0x333 ./Core/Src/com_receive.o
 .debug_macro   0x0000000000016dba       0x10 ./Core/Src/com_receive.o
 .debug_macro   0x0000000000016dca       0x35 ./Core/Src/com_receive.o
 .debug_macro   0x0000000000016dff       0x20 ./Core/Src/com_receive.o
 .debug_macro   0x0000000000016e1f       0x34 ./Core/Src/com_receive.o
 .debug_macro   0x0000000000016e53      0x36e ./Core/Src/comm_fsm.o
 .debug_macro   0x00000000000171c1       0x1c ./Core/Src/comm_fsm.o
 .debug_macro   0x00000000000171dd      0x383 ./Core/Src/main.o
 .debug_macro   0x0000000000017560       0x10 ./Core/Src/main.o
 .debug_macro   0x0000000000017570       0x10 ./Core/Src/main.o
 .debug_macro   0x0000000000017580       0x16 ./Core/Src/main.o
 .debug_macro   0x0000000000017596      0x32d ./Core/Src/scheduler.o
 .debug_macro   0x00000000000178c3      0x1b2 ./Core/Src/stm32f1xx_hal_msp.o
 .debug_macro   0x0000000000017a75      0x1bc ./Core/Src/stm32f1xx_it.o
 .debug_macro   0x0000000000017c31       0xff ./Core/Src/sysmem.o
 .debug_macro   0x0000000000017d30      0x23b ./Core/Src/sysmem.o
 .debug_macro   0x0000000000017f6b      0x1a3 ./Core/Src/system_stm32f1xx.o
 .debug_macro   0x000000000001810e       0x21 ./Core/Src/timer.o
 .debug_macro   0x000000000001812f      0x1c7 ./Drivers/STM32F1xx_HAL_Driver/Src/stm32f1xx_hal.o
 .debug_macro   0x00000000000182f6      0x1a3 ./Drivers/STM32F1xx_HAL_Driver/Src/stm32f1xx_hal_cortex.o
 .debug_macro   0x0000000000018499      0x1a3 ./Drivers/STM32F1xx_HAL_Driver/Src/stm32f1xx_hal_dma.o
 .debug_macro   0x000000000001863c      0x20e ./Drivers/STM32F1xx_HAL_Driver/Src/stm32f1xx_hal_gpio.o
 .debug_macro   0x000000000001884a      0x1b5 ./Drivers/STM32F1xx_HAL_Driver/Src/stm32f1xx_hal_rcc.o
 .debug_macro   0x00000000000189ff      0x1a4 ./Drivers/STM32F1xx_HAL_Driver/Src/stm32f1xx_hal_tim.o
 .debug_macro   0x0000000000018ba3      0x1a3 ./Drivers/STM32F1xx_HAL_Driver/Src/stm32f1xx_hal_tim_ex.o
 .debug_macro   0x0000000000018d46      0x1a4 ./Drivers/STM32F1xx_HAL_Driver/Src/stm32f1xx_hal_uart.o

.debug_line     0x0000000000000000     0xec1d
 .debug_line    0x0000000000000000      0x963 ./Core/Src/DHT20_Handle.o
 .debug_line    0x0000000000000963      0x82a ./Core/Src/com_receive.o
 .debug_line    0x000000000000118d      0x91d ./Core/Src/comm_fsm.o
 .debug_line    0x0000000000001aaa      0xbf3 ./Core/Src/main.o
 .debug_line    0x000000000000269d      0xa09 ./Core/Src/scheduler.o
 .debug_line    0x00000000000030a6      0x766 ./Core/Src/stm32f1xx_hal_msp.o
 .debug_line    0x000000000000380c      0x77b ./Core/Src/stm32f1xx_it.o
 .debug_line    0x0000000000003f87      0x507 ./Core/Src/sysmem.o
 .debug_line    0x000000000000448e      0x707 ./Core/Src/system_stm32f1xx.o
 .debug_line    0x0000000000004b95      0x1d0 ./Core/Src/timer.o
 .debug_line    0x0000000000004d65       0x87 ./Core/Startup/startup_stm32f103rbtx.o
 .debug_line    0x0000000000004dec      0x934 ./Drivers/STM32F1xx_HAL_Driver/Src/stm32f1xx_hal.o
 .debug_line    0x0000000000005720      0xb1c ./Drivers/STM32F1xx_HAL_Driver/Src/stm32f1xx_hal_cortex.o
 .debug_line    0x000000000000623c      0xd8c ./Drivers/STM32F1xx_HAL_Driver/Src/stm32f1xx_hal_dma.o
 .debug_line    0x0000000000006fc8      0x9cb ./Drivers/STM32F1xx_HAL_Driver/Src/stm32f1xx_hal_gpio.o
 .debug_line    0x0000000000007993      0xd42 ./Drivers/STM32F1xx_HAL_Driver/Src/stm32f1xx_hal_rcc.o
 .debug_line    0x00000000000086d5     0x32dd ./Drivers/STM32F1xx_HAL_Driver/Src/stm32f1xx_hal_tim.o
 .debug_line    0x000000000000b9b2     0x185c ./Drivers/STM32F1xx_HAL_Driver/Src/stm32f1xx_hal_tim_ex.o
 .debug_line    0x000000000000d20e     0x1a0f ./Drivers/STM32F1xx_HAL_Driver/Src/stm32f1xx_hal_uart.o

.debug_str      0x0000000000000000    0x8b1ed
 .debug_str     0x0000000000000000    0x87368 ./Core/Src/DHT20_Handle.o
                                      0x87729 (size before relaxing)
 .debug_str     0x0000000000087368      0x180 ./Core/Src/com_receive.o
                                      0x868b7 (size before relaxing)
 .debug_str     0x00000000000874e8       0x6c ./Core/Src/comm_fsm.o
                                      0x8785a (size before relaxing)
 .debug_str     0x0000000000087554      0xb61 ./Core/Src/main.o
                                      0x88441 (size before relaxing)
 .debug_str     0x00000000000880b5       0xb0 ./Core/Src/scheduler.o
                                      0x878a2 (size before relaxing)
 .debug_str     0x0000000000088165      0x32c ./Core/Src/stm32f1xx_hal_msp.o
                                      0x8407e (size before relaxing)
 .debug_str     0x0000000000088491       0xdf ./Core/Src/stm32f1xx_it.o
                                      0x83d39 (size before relaxing)
 .debug_str     0x0000000000088570      0x4e9 ./Core/Src/sysmem.o
                                       0x6256 (size before relaxing)
 .debug_str     0x0000000000088a59       0x52 ./Core/Src/system_stm32f1xx.o
                                      0x8344e (size before relaxing)
 .debug_str     0x0000000000088aab      0x13f ./Core/Src/timer.o
                                       0x2ebc (size before relaxing)
 .debug_str     0x0000000000088bea       0x36 ./Core/Startup/startup_stm32f103rbtx.o
                                         0x6a (size before relaxing)
 .debug_str     0x0000000000088c20      0x304 ./Drivers/STM32F1xx_HAL_Driver/Src/stm32f1xx_hal.o
                                      0x83adf (size before relaxing)
 .debug_str     0x0000000000088f24      0x300 ./Drivers/STM32F1xx_HAL_Driver/Src/stm32f1xx_hal_cortex.o
                                      0x83ae7 (size before relaxing)
 .debug_str     0x0000000000089224      0x230 ./Drivers/STM32F1xx_HAL_Driver/Src/stm32f1xx_hal_dma.o
                                      0x83829 (size before relaxing)
 .debug_str     0x0000000000089454      0x31f ./Drivers/STM32F1xx_HAL_Driver/Src/stm32f1xx_hal_gpio.o
                                      0x83812 (size before relaxing)
 .debug_str     0x0000000000089773      0x24f ./Drivers/STM32F1xx_HAL_Driver/Src/stm32f1xx_hal_rcc.o
                                      0x8384b (size before relaxing)
 .debug_str     0x00000000000899c2      0xd68 ./Drivers/STM32F1xx_HAL_Driver/Src/stm32f1xx_hal_tim.o
                                      0x8481d (size before relaxing)
 .debug_str     0x000000000008a72a      0x4ee ./Drivers/STM32F1xx_HAL_Driver/Src/stm32f1xx_hal_tim_ex.o
                                      0x83fce (size before relaxing)
 .debug_str     0x000000000008ac18      0x5d5 ./Drivers/STM32F1xx_HAL_Driver/Src/stm32f1xx_hal_uart.o
                                      0x83e3d (size before relaxing)

.comment        0x0000000000000000       0x53
 .comment       0x0000000000000000       0x53 ./Core/Src/DHT20_Handle.o
                                         0x54 (size before relaxing)
 .comment       0x0000000000000053       0x54 ./Core/Src/com_receive.o
 .comment       0x0000000000000053       0x54 ./Core/Src/comm_fsm.o
 .comment       0x0000000000000053       0x54 ./Core/Src/main.o
 .comment       0x0000000000000053       0x54 ./Core/Src/scheduler.o
 .comment       0x0000000000000053       0x54 ./Core/Src/stm32f1xx_hal_msp.o
 .comment       0x0000000000000053       0x54 ./Core/Src/stm32f1xx_it.o
 .comment       0x0000000000000053       0x54 ./Core/Src/sysmem.o
 .comment       0x0000000000000053       0x54 ./Core/Src/system_stm32f1xx.o
 .comment       0x0000000000000053       0x54 ./Core/Src/timer.o
 .comment       0x0000000000000053       0x54 ./Drivers/STM32F1xx_HAL_Driver/Src/stm32f1xx_hal.o
 .comment       0x0000000000000053       0x54 ./Drivers/STM32F1xx_HAL_Driver/Src/stm32f1xx_hal_cortex.o
 .comment       0x0000000000000053       0x54 ./Drivers/STM32F1xx_HAL_Driver/Src/stm32f1xx_hal_dma.o
 .comment       0x0000000000000053       0x54 ./Drivers/STM32F1xx_HAL_Driver/Src/stm32f1xx_hal_gpio.o
 .comment       0x0000000000000053       0x54 ./Drivers/STM32F1xx_HAL_Driver/Src/stm32f1xx_hal_rcc.o
 .comment       0x0000000000000053       0x54 ./Drivers/STM32F1xx_HAL_Driver/Src/stm32f1xx_hal_tim.o
 .comment       0x0000000000000053       0x54 ./Drivers/STM32F1xx_HAL_Driver/Src/stm32f1xx_hal_tim_ex.o
 .comment       0x0000000000000053       0x54 ./Drivers/STM32F1xx_HAL_Driver/Src/stm32f1xx_hal_uart.o

.debug_frame    0x0000000000000000     0x3af0
 .debug_frame   0x0000000000000000       0x7c ./Core/Src/DHT20_Handle.o
 .debug_frame   0x000000000000007c       0x4c ./Core/Src/com_receive.o
 .debug_frame   0x00000000000000c8       0x4c ./Core/Src/comm_fsm.o
 .debug_frame   0x0000000000000114      0x240 ./Core/Src/main.o
 .debug_frame   0x0000000000000354       0xcc ./Core/Src/scheduler.o
 .debug_frame   0x0000000000000420       0xec ./Core/Src/stm32f1xx_hal_msp.o
 .debug_frame   0x000000000000050c      0x13c ./Core/Src/stm32f1xx_it.o
 .debug_frame   0x0000000000000648       0x34 ./Core/Src/sysmem.o
 .debug_frame   0x000000000000067c       0x58 ./Core/Src/system_stm32f1xx.o
 .debug_frame   0x00000000000006d4      0x1c0 ./Core/Src/timer.o
 .debug_frame   0x0000000000000894      0x334 ./Drivers/STM32F1xx_HAL_Driver/Src/stm32f1xx_hal.o
 .debug_frame   0x0000000000000bc8      0x428 ./Drivers/STM32F1xx_HAL_Driver/Src/stm32f1xx_hal_cortex.o
 .debug_frame   0x0000000000000ff0      0x208 ./Drivers/STM32F1xx_HAL_Driver/Src/stm32f1xx_hal_dma.o
 .debug_frame   0x00000000000011f8      0x14c ./Drivers/STM32F1xx_HAL_Driver/Src/stm32f1xx_hal_gpio.o
 .debug_frame   0x0000000000001344      0x21c ./Drivers/STM32F1xx_HAL_Driver/Src/stm32f1xx_hal_rcc.o
 .debug_frame   0x0000000000001560     0x11b8 ./Drivers/STM32F1xx_HAL_Driver/Src/stm32f1xx_hal_tim.o
 .debug_frame   0x0000000000002718      0x638 ./Drivers/STM32F1xx_HAL_Driver/Src/stm32f1xx_hal_tim_ex.o
 .debug_frame   0x0000000000002d50      0x914 ./Drivers/STM32F1xx_HAL_Driver/Src/stm32f1xx_hal_uart.o
 .debug_frame   0x0000000000003664       0x20 e:/stm32/stm32cubeide_1.7.0/stm32cubeide/plugins/com.st.stm32cube.ide.mcu.externaltools.gnu-tools-for-stm32.9-2020-q2-update.win32_2.0.0.202105311346/tools/bin/../lib/gcc/arm-none-eabi/9.3.1/../../../../arm-none-eabi/lib/thumb/v7-m/nofp\libc_nano.a(lib_a-errno.o)
 .debug_frame   0x0000000000003684       0x2c e:/stm32/stm32cubeide_1.7.0/stm32cubeide/plugins/com.st.stm32cube.ide.mcu.externaltools.gnu-tools-for-stm32.9-2020-q2-update.win32_2.0.0.202105311346/tools/bin/../lib/gcc/arm-none-eabi/9.3.1/../../../../arm-none-eabi/lib/thumb/v7-m/nofp\libc_nano.a(lib_a-init.o)
 .debug_frame   0x00000000000036b0       0x20 e:/stm32/stm32cubeide_1.7.0/stm32cubeide/plugins/com.st.stm32cube.ide.mcu.externaltools.gnu-tools-for-stm32.9-2020-q2-update.win32_2.0.0.202105311346/tools/bin/../lib/gcc/arm-none-eabi/9.3.1/../../../../arm-none-eabi/lib/thumb/v7-m/nofp\libc_nano.a(lib_a-memset.o)
 .debug_frame   0x00000000000036d0       0x6c e:/stm32/stm32cubeide_1.7.0/stm32cubeide/plugins/com.st.stm32cube.ide.mcu.externaltools.gnu-tools-for-stm32.9-2020-q2-update.win32_2.0.0.202105311346/tools/bin/../lib/gcc/arm-none-eabi/9.3.1/../../../../arm-none-eabi/lib/thumb/v7-m/nofp\libc_nano.a(lib_a-sprintf.o)
 .debug_frame   0x000000000000373c       0x20 e:/stm32/stm32cubeide_1.7.0/stm32cubeide/plugins/com.st.stm32cube.ide.mcu.externaltools.gnu-tools-for-stm32.9-2020-q2-update.win32_2.0.0.202105311346/tools/bin/../lib/gcc/arm-none-eabi/9.3.1/../../../../arm-none-eabi/lib/thumb/v7-m/nofp\libc_nano.a(lib_a-strcmp.o)
 .debug_frame   0x000000000000375c       0x90 e:/stm32/stm32cubeide_1.7.0/stm32cubeide/plugins/com.st.stm32cube.ide.mcu.externaltools.gnu-tools-for-stm32.9-2020-q2-update.win32_2.0.0.202105311346/tools/bin/../lib/gcc/arm-none-eabi/9.3.1/../../../../arm-none-eabi/lib/thumb/v7-m/nofp\libc_nano.a(lib_a-nano-svfprintf.o)
 .debug_frame   0x00000000000037ec       0x60 e:/stm32/stm32cubeide_1.7.0/stm32cubeide/plugins/com.st.stm32cube.ide.mcu.externaltools.gnu-tools-for-stm32.9-2020-q2-update.win32_2.0.0.202105311346/tools/bin/../lib/gcc/arm-none-eabi/9.3.1/../../../../arm-none-eabi/lib/thumb/v7-m/nofp\libc_nano.a(lib_a-nano-vfprintf_i.o)
 .debug_frame   0x000000000000384c       0x28 e:/stm32/stm32cubeide_1.7.0/stm32cubeide/plugins/com.st.stm32cube.ide.mcu.externaltools.gnu-tools-for-stm32.9-2020-q2-update.win32_2.0.0.202105311346/tools/bin/../lib/gcc/arm-none-eabi/9.3.1/../../../../arm-none-eabi/lib/thumb/v7-m/nofp\libc_nano.a(lib_a-memchr-stub.o)
 .debug_frame   0x0000000000003874       0x28 e:/stm32/stm32cubeide_1.7.0/stm32cubeide/plugins/com.st.stm32cube.ide.mcu.externaltools.gnu-tools-for-stm32.9-2020-q2-update.win32_2.0.0.202105311346/tools/bin/../lib/gcc/arm-none-eabi/9.3.1/../../../../arm-none-eabi/lib/thumb/v7-m/nofp\libc_nano.a(lib_a-memcpy-stub.o)
 .debug_frame   0x000000000000389c       0x28 e:/stm32/stm32cubeide_1.7.0/stm32cubeide/plugins/com.st.stm32cube.ide.mcu.externaltools.gnu-tools-for-stm32.9-2020-q2-update.win32_2.0.0.202105311346/tools/bin/../lib/gcc/arm-none-eabi/9.3.1/../../../../arm-none-eabi/lib/thumb/v7-m/nofp\libc_nano.a(lib_a-memmove.o)
 .debug_frame   0x00000000000038c4       0x38 e:/stm32/stm32cubeide_1.7.0/stm32cubeide/plugins/com.st.stm32cube.ide.mcu.externaltools.gnu-tools-for-stm32.9-2020-q2-update.win32_2.0.0.202105311346/tools/bin/../lib/gcc/arm-none-eabi/9.3.1/../../../../arm-none-eabi/lib/thumb/v7-m/nofp\libc_nano.a(lib_a-nano-freer.o)
 .debug_frame   0x00000000000038fc       0x30 e:/stm32/stm32cubeide_1.7.0/stm32cubeide/plugins/com.st.stm32cube.ide.mcu.externaltools.gnu-tools-for-stm32.9-2020-q2-update.win32_2.0.0.202105311346/tools/bin/../lib/gcc/arm-none-eabi/9.3.1/../../../../arm-none-eabi/lib/thumb/v7-m/nofp\libc_nano.a(lib_a-nano-mallocr.o)
 .debug_frame   0x000000000000392c       0x3c e:/stm32/stm32cubeide_1.7.0/stm32cubeide/plugins/com.st.stm32cube.ide.mcu.externaltools.gnu-tools-for-stm32.9-2020-q2-update.win32_2.0.0.202105311346/tools/bin/../lib/gcc/arm-none-eabi/9.3.1/../../../../arm-none-eabi/lib/thumb/v7-m/nofp\libc_nano.a(lib_a-nano-reallocr.o)
 .debug_frame   0x0000000000003968       0x2c e:/stm32/stm32cubeide_1.7.0/stm32cubeide/plugins/com.st.stm32cube.ide.mcu.externaltools.gnu-tools-for-stm32.9-2020-q2-update.win32_2.0.0.202105311346/tools/bin/../lib/gcc/arm-none-eabi/9.3.1/../../../../arm-none-eabi/lib/thumb/v7-m/nofp\libc_nano.a(lib_a-sbrkr.o)
 .debug_frame   0x0000000000003994       0x30 e:/stm32/stm32cubeide_1.7.0/stm32cubeide/plugins/com.st.stm32cube.ide.mcu.externaltools.gnu-tools-for-stm32.9-2020-q2-update.win32_2.0.0.202105311346/tools/bin/../lib/gcc/arm-none-eabi/9.3.1/../../../../arm-none-eabi/lib/thumb/v7-m/nofp\libc_nano.a(lib_a-mlock.o)
 .debug_frame   0x00000000000039c4       0x20 e:/stm32/stm32cubeide_1.7.0/stm32cubeide/plugins/com.st.stm32cube.ide.mcu.externaltools.gnu-tools-for-stm32.9-2020-q2-update.win32_2.0.0.202105311346/tools/bin/../lib/gcc/arm-none-eabi/9.3.1/../../../../arm-none-eabi/lib/thumb/v7-m/nofp\libc_nano.a(lib_a-nano-msizer.o)
 .debug_frame   0x00000000000039e4       0x5c e:/stm32/stm32cubeide_1.7.0/stm32cubeide/plugins/com.st.stm32cube.ide.mcu.externaltools.gnu-tools-for-stm32.9-2020-q2-update.win32_2.0.0.202105311346/tools/bin/../lib/gcc/arm-none-eabi/9.3.1/../../../../arm-none-eabi/lib/thumb/v7-m/nofp\libc_nano.a(lib_a-reent.o)
 .debug_frame   0x0000000000003a40       0xb0 e:/stm32/stm32cubeide_1.7.0/stm32cubeide/plugins/com.st.stm32cube.ide.mcu.externaltools.gnu-tools-for-stm32.9-2020-q2-update.win32_2.0.0.202105311346/tools/bin/../lib/gcc/arm-none-eabi/9.3.1/../../../../arm-none-eabi/lib/thumb/v7-m/nofp\libc_nano.a(lib_a-lock.o)
