11:05:13 **** Incremental Build of configuration Debug for project ASSIGNMENT_FINAL ****
make -j8 all 
arm-none-eabi-gcc "../Core/Src/global.c" -mcpu=cortex-m3 -std=gnu11 -g3 -DDEBUG -DUSE_HAL_DRIVER -DSTM32F103xB -c -I../Core/Inc -I../Drivers/STM32F1xx_HAL_Driver/Inc -I../Drivers/STM32F1xx_HAL_Driver/Inc/Legacy -I../Drivers/CMSIS/Device/ST/STM32F1xx/Include -I../Drivers/CMSIS/Include -O0 -ffunction-sections -fdata-sections -Wall -fstack-usage -MMD -MP -MF"Core/Src/global.d" -MT"Core/Src/global.o" --specs=nano.specs -mfloat-abi=soft -mthumb -o "Core/Src/global.o"
arm-none-eabi-gcc "../Core/Src/main.c" -mcpu=cortex-m3 -std=gnu11 -g3 -DDEBUG -DUSE_HAL_DRIVER -DSTM32F103xB -c -I../Core/Inc -I../Drivers/STM32F1xx_HAL_Driver/Inc -I../Drivers/STM32F1xx_HAL_Driver/Inc/Legacy -I../Drivers/CMSIS/Device/ST/STM32F1xx/Include -I../Drivers/CMSIS/Include -O0 -ffunction-sections -fdata-sections -Wall -fstack-usage -MMD -MP -MF"Core/Src/main.d" -MT"Core/Src/main.o" --specs=nano.specs -mfloat-abi=soft -mthumb -o "Core/Src/main.o"
arm-none-eabi-gcc "../Core/Src/scheduler.c" -mcpu=cortex-m3 -std=gnu11 -g3 -DDEBUG -DUSE_HAL_DRIVER -DSTM32F103xB -c -I../Core/Inc -I../Drivers/STM32F1xx_HAL_Driver/Inc -I../Drivers/STM32F1xx_HAL_Driver/Inc/Legacy -I../Drivers/CMSIS/Device/ST/STM32F1xx/Include -I../Drivers/CMSIS/Include -O0 -ffunction-sections -fdata-sections -Wall -fstack-usage -MMD -MP -MF"Core/Src/scheduler.d" -MT"Core/Src/scheduler.o" --specs=nano.specs -mfloat-abi=soft -mthumb -o "Core/Src/scheduler.o"
arm-none-eabi-gcc -o "ASSIGNMENT_FINAL.elf" @"objects.list"   -mcpu=cortex-m3 -T"D:\IOT2023\iot_2023\ASSIGNMENT_FINAL\STM32F103RBTX_FLASH.ld" --specs=nosys.specs -Wl,-Map="ASSIGNMENT_FINAL.map" -Wl,--gc-sections -static --specs=nano.specs -mfloat-abi=soft -mthumb -Wl,--start-group -lc -lm -Wl,--end-group
Finished building target: ASSIGNMENT_FINAL.elf
 
arm-none-eabi-size   ASSIGNMENT_FINAL.elf 
arm-none-eabi-objdump -h -S  ASSIGNMENT_FINAL.elf  > "ASSIGNMENT_FINAL.list"
arm-none-eabi-objcopy  -O ihex  ASSIGNMENT_FINAL.elf  "ASSIGNMENT_FINAL.hex"
   text	   data	    bss	    dec	    hex	filename
  17292	    324	   3060	  20676	   50c4	ASSIGNMENT_FINAL.elf
arm-none-eabi-objcopy  -O binary  ASSIGNMENT_FINAL.elf  "ASSIGNMENT_FINAL.bin"
Finished building: default.size.stdout
 
Finished building: ASSIGNMENT_FINAL.hex
Finished building: ASSIGNMENT_FINAL.bin
 
 
Finished building: ASSIGNMENT_FINAL.list
 

11:05:15 Build Finished. 0 errors, 0 warnings. (took 1s.286ms)

